
*** Running vivado
    with args -log ghost_bd_smartconnect_0_0.vds -m64 -product Vivado -mode batch -messageDb vivado.pb -notrace -source ghost_bd_smartconnect_0_0.tcl



****** Vivado v2020.2 (64-bit)
  **** SW Build 3064766 on Wed Nov 18 09:12:45 MST 2020
  **** IP Build 3064653 on Wed Nov 18 14:17:31 MST 2020
    ** Copyright 1986-2020 Xilinx, Inc. All Rights Reserved.

source ghost_bd_smartconnect_0_0.tcl -notrace
INFO: [IP_Flow 19-234] Refreshing IP repositories
INFO: [IP_Flow 19-1700] Loaded user IP repository 'c:/Users/shold/Desktop/EIE-Y2/ghost_new_ip'.
WARNING: [IP_Flow 19-3656] If you move the project, the path for repository 'c:/Users/shold/Desktop/EIE-Y2/ghost_new_ip' may become invalid. A better location for the repository would be in a path adjacent to the project. (Current project location is 'c:/Users/shold/Desktop/EIE-Y2/ghost_new_ip/ghost_game/ghost_game.runs/ghost_bd_smartconnect_0_0_synth_1'.)
INFO: [IP_Flow 19-2313] Loaded Vivado IP repository 'C:/Xilinx/Vivado/2020.2/data/ip'.
Command: synth_design -top ghost_bd_smartconnect_0_0 -part xc7z020clg400-1 -mode out_of_context
Starting synth_design
Attempting to get a license for feature 'Synthesis' and/or device 'xc7z020'
INFO: [Common 17-349] Got license for feature 'Synthesis' and/or device 'xc7z020'
INFO: [Device 21-403] Loading part xc7z020clg400-1
INFO: [Synth 8-7079] Multithreading enabled for synth_design using a maximum of 2 processes.
INFO: [Synth 8-7078] Launching helper process for spawning children vivado processes
INFO: [Synth 8-7075] Helper process launched with PID 3760
---------------------------------------------------------------------------------
Starting RTL Elaboration : Time (s): cpu = 00:00:06 ; elapsed = 00:00:08 . Memory (MB): peak = 1206.098 ; gain = 64.711
---------------------------------------------------------------------------------
INFO: [Synth 8-6157] synthesizing module 'ghost_bd_smartconnect_0_0' [c:/Users/shold/Desktop/EIE-Y2/ghost_new_ip/ghost_game/ghost_game.gen/sources_1/bd/ghost_bd/ip/ghost_bd_smartconnect_0_0/synth/ghost_bd_smartconnect_0_0.v:57]
INFO: [Synth 8-6157] synthesizing module 'bd_7001' [c:/Users/shold/Desktop/EIE-Y2/ghost_new_ip/ghost_game/ghost_game.gen/sources_1/bd/ghost_bd/ip/ghost_bd_smartconnect_0_0/bd_0/synth/bd_7001.v:10]
INFO: [Synth 8-6157] synthesizing module 'clk_map_imp_1TOOABF' [c:/Users/shold/Desktop/EIE-Y2/ghost_new_ip/ghost_game/ghost_game.gen/sources_1/bd/ghost_bd/ip/ghost_bd_smartconnect_0_0/bd_0/synth/bd_7001.v:2743]
INFO: [Synth 8-6157] synthesizing module 'bd_7001_one_0' [c:/Users/shold/Desktop/EIE-Y2/ghost_new_ip/ghost_game/ghost_game.gen/sources_1/bd/ghost_bd/ip/ghost_bd_smartconnect_0_0/bd_0/ip/ip_0/synth/bd_7001_one_0.v:57]
INFO: [Synth 8-6157] synthesizing module 'xlconstant_v1_1_7_xlconstant' [c:/Users/shold/Desktop/EIE-Y2/ghost_new_ip/ghost_game/ghost_game.gen/sources_1/bd/ghost_bd/ipshared/fcfc/hdl/xlconstant_v1_1_vl_rfs.v:23]
	Parameter CONST_VAL bound to: 1'b1 
	Parameter CONST_WIDTH bound to: 1 - type: integer 
INFO: [Synth 8-6155] done synthesizing module 'xlconstant_v1_1_7_xlconstant' (1#1) [c:/Users/shold/Desktop/EIE-Y2/ghost_new_ip/ghost_game/ghost_game.gen/sources_1/bd/ghost_bd/ipshared/fcfc/hdl/xlconstant_v1_1_vl_rfs.v:23]
INFO: [Synth 8-6155] done synthesizing module 'bd_7001_one_0' (2#1) [c:/Users/shold/Desktop/EIE-Y2/ghost_new_ip/ghost_game/ghost_game.gen/sources_1/bd/ghost_bd/ip/ghost_bd_smartconnect_0_0/bd_0/ip/ip_0/synth/bd_7001_one_0.v:57]
INFO: [Synth 8-638] synthesizing module 'bd_7001_psr_aclk_0' [c:/Users/shold/Desktop/EIE-Y2/ghost_new_ip/ghost_game/ghost_game.gen/sources_1/bd/ghost_bd/ip/ghost_bd_smartconnect_0_0/bd_0/ip/ip_1/synth/bd_7001_psr_aclk_0.vhd:74]
	Parameter C_FAMILY bound to: zynq - type: string 
	Parameter C_EXT_RST_WIDTH bound to: 4 - type: integer 
	Parameter C_AUX_RST_WIDTH bound to: 1 - type: integer 
	Parameter C_EXT_RESET_HIGH bound to: 1'b0 
	Parameter C_AUX_RESET_HIGH bound to: 1'b0 
	Parameter C_NUM_BUS_RST bound to: 1 - type: integer 
	Parameter C_NUM_PERP_RST bound to: 1 - type: integer 
	Parameter C_NUM_INTERCONNECT_ARESETN bound to: 1 - type: integer 
	Parameter C_NUM_PERP_ARESETN bound to: 1 - type: integer 
INFO: [Synth 8-3491] module 'proc_sys_reset' declared at 'c:/Users/shold/Desktop/EIE-Y2/ghost_new_ip/ghost_game/ghost_game.gen/sources_1/bd/ghost_bd/ipshared/8842/hdl/proc_sys_reset_v5_0_vh_rfs.vhd:1264' bound to instance 'U0' of component 'proc_sys_reset' [c:/Users/shold/Desktop/EIE-Y2/ghost_new_ip/ghost_game/ghost_game.gen/sources_1/bd/ghost_bd/ip/ghost_bd_smartconnect_0_0/bd_0/ip/ip_1/synth/bd_7001_psr_aclk_0.vhd:129]
INFO: [Synth 8-638] synthesizing module 'proc_sys_reset' [c:/Users/shold/Desktop/EIE-Y2/ghost_new_ip/ghost_game/ghost_game.gen/sources_1/bd/ghost_bd/ipshared/8842/hdl/proc_sys_reset_v5_0_vh_rfs.vhd:1323]
	Parameter C_FAMILY bound to: zynq - type: string 
	Parameter C_EXT_RST_WIDTH bound to: 4 - type: integer 
	Parameter C_AUX_RST_WIDTH bound to: 1 - type: integer 
	Parameter C_EXT_RESET_HIGH bound to: 1'b0 
	Parameter C_AUX_RESET_HIGH bound to: 1'b0 
	Parameter C_NUM_BUS_RST bound to: 1 - type: integer 
	Parameter C_NUM_PERP_RST bound to: 1 - type: integer 
	Parameter C_NUM_INTERCONNECT_ARESETN bound to: 1 - type: integer 
	Parameter C_NUM_PERP_ARESETN bound to: 1 - type: integer 
	Parameter INIT bound to: 1'b1 
	Parameter IS_C_INVERTED bound to: 1'b0 
	Parameter IS_D_INVERTED bound to: 1'b0 
	Parameter IS_R_INVERTED bound to: 1'b0 
INFO: [Synth 8-113] binding component instance 'FDRE_inst' to cell 'FDRE' [c:/Users/shold/Desktop/EIE-Y2/ghost_new_ip/ghost_game/ghost_game.gen/sources_1/bd/ghost_bd/ipshared/8842/hdl/proc_sys_reset_v5_0_vh_rfs.vhd:1392]
	Parameter INIT bound to: 1'b1 
	Parameter IS_C_INVERTED bound to: 1'b0 
	Parameter IS_D_INVERTED bound to: 1'b0 
	Parameter IS_R_INVERTED bound to: 1'b0 
INFO: [Synth 8-113] binding component instance 'FDRE_BSR' to cell 'FDRE' [c:/Users/shold/Desktop/EIE-Y2/ghost_new_ip/ghost_game/ghost_game.gen/sources_1/bd/ghost_bd/ipshared/8842/hdl/proc_sys_reset_v5_0_vh_rfs.vhd:1408]
	Parameter INIT bound to: 1'b0 
	Parameter IS_C_INVERTED bound to: 1'b0 
	Parameter IS_D_INVERTED bound to: 1'b0 
	Parameter IS_R_INVERTED bound to: 1'b0 
INFO: [Synth 8-113] binding component instance 'FDRE_BSR_N' to cell 'FDRE' [c:/Users/shold/Desktop/EIE-Y2/ghost_new_ip/ghost_game/ghost_game.gen/sources_1/bd/ghost_bd/ipshared/8842/hdl/proc_sys_reset_v5_0_vh_rfs.vhd:1434]
	Parameter INIT bound to: 1'b1 
	Parameter IS_C_INVERTED bound to: 1'b0 
	Parameter IS_D_INVERTED bound to: 1'b0 
	Parameter IS_R_INVERTED bound to: 1'b0 
INFO: [Synth 8-113] binding component instance 'FDRE_PER' to cell 'FDRE' [c:/Users/shold/Desktop/EIE-Y2/ghost_new_ip/ghost_game/ghost_game.gen/sources_1/bd/ghost_bd/ipshared/8842/hdl/proc_sys_reset_v5_0_vh_rfs.vhd:1457]
	Parameter INIT bound to: 1'b0 
	Parameter IS_C_INVERTED bound to: 1'b0 
	Parameter IS_D_INVERTED bound to: 1'b0 
	Parameter IS_R_INVERTED bound to: 1'b0 
INFO: [Synth 8-113] binding component instance 'FDRE_PER_N' to cell 'FDRE' [c:/Users/shold/Desktop/EIE-Y2/ghost_new_ip/ghost_game/ghost_game.gen/sources_1/bd/ghost_bd/ipshared/8842/hdl/proc_sys_reset_v5_0_vh_rfs.vhd:1481]
INFO: [Synth 8-638] synthesizing module 'lpf' [c:/Users/shold/Desktop/EIE-Y2/ghost_new_ip/ghost_game/ghost_game.gen/sources_1/bd/ghost_bd/ipshared/8842/hdl/proc_sys_reset_v5_0_vh_rfs.vhd:816]
	Parameter C_EXT_RST_WIDTH bound to: 4 - type: integer 
	Parameter C_AUX_RST_WIDTH bound to: 1 - type: integer 
	Parameter C_EXT_RESET_HIGH bound to: 1'b0 
	Parameter C_AUX_RESET_HIGH bound to: 1'b0 
INFO: [Synth 8-3491] module 'SRL16' declared at 'C:/Xilinx/Vivado/2020.2/scripts/rt/data/unisim_comp.v:78018' bound to instance 'POR_SRL_I' of component 'SRL16' [c:/Users/shold/Desktop/EIE-Y2/ghost_new_ip/ghost_game/ghost_game.gen/sources_1/bd/ghost_bd/ipshared/8842/hdl/proc_sys_reset_v5_0_vh_rfs.vhd:868]
INFO: [Synth 8-6157] synthesizing module 'SRL16' [C:/Xilinx/Vivado/2020.2/scripts/rt/data/unisim_comp.v:78018]
	Parameter INIT bound to: 16'b0000000000000000 
INFO: [Synth 8-6155] done synthesizing module 'SRL16' (3#1) [C:/Xilinx/Vivado/2020.2/scripts/rt/data/unisim_comp.v:78018]
INFO: [Synth 8-638] synthesizing module 'cdc_sync' [c:/Users/shold/Desktop/EIE-Y2/ghost_new_ip/ghost_game/ghost_game.gen/sources_1/bd/ghost_bd/ipshared/ef1e/hdl/lib_cdc_v1_0_rfs.vhd:106]
	Parameter C_CDC_TYPE bound to: 1 - type: integer 
	Parameter C_RESET_STATE bound to: 0 - type: integer 
	Parameter C_SINGLE_BIT bound to: 1 - type: integer 
	Parameter C_FLOP_INPUT bound to: 0 - type: integer 
	Parameter C_VECTOR_WIDTH bound to: 2 - type: integer 
	Parameter C_MTBF_STAGES bound to: 4 - type: integer 
	Parameter INIT bound to: 1'b0 
INFO: [Synth 8-113] binding component instance 'CROSS_PLEVEL_IN2SCNDRY_IN_cdc_to' to cell 'FDR' [c:/Users/shold/Desktop/EIE-Y2/ghost_new_ip/ghost_game/ghost_game.gen/sources_1/bd/ghost_bd/ipshared/ef1e/hdl/lib_cdc_v1_0_rfs.vhd:514]
	Parameter INIT bound to: 1'b0 
INFO: [Synth 8-113] binding component instance 'CROSS_PLEVEL_IN2SCNDRY_s_level_out_d2' to cell 'FDR' [c:/Users/shold/Desktop/EIE-Y2/ghost_new_ip/ghost_game/ghost_game.gen/sources_1/bd/ghost_bd/ipshared/ef1e/hdl/lib_cdc_v1_0_rfs.vhd:545]
	Parameter INIT bound to: 1'b0 
INFO: [Synth 8-113] binding component instance 'CROSS_PLEVEL_IN2SCNDRY_s_level_out_d3' to cell 'FDR' [c:/Users/shold/Desktop/EIE-Y2/ghost_new_ip/ghost_game/ghost_game.gen/sources_1/bd/ghost_bd/ipshared/ef1e/hdl/lib_cdc_v1_0_rfs.vhd:554]
	Parameter INIT bound to: 1'b0 
INFO: [Synth 8-113] binding component instance 'CROSS_PLEVEL_IN2SCNDRY_s_level_out_d4' to cell 'FDR' [c:/Users/shold/Desktop/EIE-Y2/ghost_new_ip/ghost_game/ghost_game.gen/sources_1/bd/ghost_bd/ipshared/ef1e/hdl/lib_cdc_v1_0_rfs.vhd:564]
	Parameter INIT bound to: 1'b0 
INFO: [Synth 8-113] binding component instance 'CROSS_PLEVEL_IN2SCNDRY_s_level_out_d5' to cell 'FDR' [c:/Users/shold/Desktop/EIE-Y2/ghost_new_ip/ghost_game/ghost_game.gen/sources_1/bd/ghost_bd/ipshared/ef1e/hdl/lib_cdc_v1_0_rfs.vhd:574]
	Parameter INIT bound to: 1'b0 
INFO: [Synth 8-113] binding component instance 'CROSS_PLEVEL_IN2SCNDRY_s_level_out_d6' to cell 'FDR' [c:/Users/shold/Desktop/EIE-Y2/ghost_new_ip/ghost_game/ghost_game.gen/sources_1/bd/ghost_bd/ipshared/ef1e/hdl/lib_cdc_v1_0_rfs.vhd:584]
INFO: [Synth 8-256] done synthesizing module 'cdc_sync' (4#1) [c:/Users/shold/Desktop/EIE-Y2/ghost_new_ip/ghost_game/ghost_game.gen/sources_1/bd/ghost_bd/ipshared/ef1e/hdl/lib_cdc_v1_0_rfs.vhd:106]
INFO: [Synth 8-256] done synthesizing module 'lpf' (5#1) [c:/Users/shold/Desktop/EIE-Y2/ghost_new_ip/ghost_game/ghost_game.gen/sources_1/bd/ghost_bd/ipshared/8842/hdl/proc_sys_reset_v5_0_vh_rfs.vhd:816]
INFO: [Synth 8-638] synthesizing module 'sequence_psr' [c:/Users/shold/Desktop/EIE-Y2/ghost_new_ip/ghost_game/ghost_game.gen/sources_1/bd/ghost_bd/ipshared/8842/hdl/proc_sys_reset_v5_0_vh_rfs.vhd:301]
INFO: [Synth 8-638] synthesizing module 'upcnt_n' [c:/Users/shold/Desktop/EIE-Y2/ghost_new_ip/ghost_game/ghost_game.gen/sources_1/bd/ghost_bd/ipshared/8842/hdl/proc_sys_reset_v5_0_vh_rfs.vhd:125]
	Parameter C_SIZE bound to: 6 - type: integer 
INFO: [Synth 8-256] done synthesizing module 'upcnt_n' (6#1) [c:/Users/shold/Desktop/EIE-Y2/ghost_new_ip/ghost_game/ghost_game.gen/sources_1/bd/ghost_bd/ipshared/8842/hdl/proc_sys_reset_v5_0_vh_rfs.vhd:125]
INFO: [Synth 8-256] done synthesizing module 'sequence_psr' (7#1) [c:/Users/shold/Desktop/EIE-Y2/ghost_new_ip/ghost_game/ghost_game.gen/sources_1/bd/ghost_bd/ipshared/8842/hdl/proc_sys_reset_v5_0_vh_rfs.vhd:301]
INFO: [Synth 8-256] done synthesizing module 'proc_sys_reset' (8#1) [c:/Users/shold/Desktop/EIE-Y2/ghost_new_ip/ghost_game/ghost_game.gen/sources_1/bd/ghost_bd/ipshared/8842/hdl/proc_sys_reset_v5_0_vh_rfs.vhd:1323]
INFO: [Synth 8-256] done synthesizing module 'bd_7001_psr_aclk_0' (9#1) [c:/Users/shold/Desktop/EIE-Y2/ghost_new_ip/ghost_game/ghost_game.gen/sources_1/bd/ghost_bd/ip/ghost_bd_smartconnect_0_0/bd_0/ip/ip_1/synth/bd_7001_psr_aclk_0.vhd:74]
WARNING: [Synth 8-7071] port 'mb_reset' of module 'bd_7001_psr_aclk_0' is unconnected for instance 'psr_aclk' [c:/Users/shold/Desktop/EIE-Y2/ghost_new_ip/ghost_game/ghost_game.gen/sources_1/bd/ghost_bd/ip/ghost_bd_smartconnect_0_0/bd_0/synth/bd_7001.v:2808]
WARNING: [Synth 8-7071] port 'bus_struct_reset' of module 'bd_7001_psr_aclk_0' is unconnected for instance 'psr_aclk' [c:/Users/shold/Desktop/EIE-Y2/ghost_new_ip/ghost_game/ghost_game.gen/sources_1/bd/ghost_bd/ip/ghost_bd_smartconnect_0_0/bd_0/synth/bd_7001.v:2808]
WARNING: [Synth 8-7071] port 'peripheral_reset' of module 'bd_7001_psr_aclk_0' is unconnected for instance 'psr_aclk' [c:/Users/shold/Desktop/EIE-Y2/ghost_new_ip/ghost_game/ghost_game.gen/sources_1/bd/ghost_bd/ip/ghost_bd_smartconnect_0_0/bd_0/synth/bd_7001.v:2808]
WARNING: [Synth 8-7071] port 'peripheral_aresetn' of module 'bd_7001_psr_aclk_0' is unconnected for instance 'psr_aclk' [c:/Users/shold/Desktop/EIE-Y2/ghost_new_ip/ghost_game/ghost_game.gen/sources_1/bd/ghost_bd/ip/ghost_bd_smartconnect_0_0/bd_0/synth/bd_7001.v:2808]
WARNING: [Synth 8-7023] instance 'psr_aclk' of module 'bd_7001_psr_aclk_0' has 10 connections declared, but only 6 given [c:/Users/shold/Desktop/EIE-Y2/ghost_new_ip/ghost_game/ghost_game.gen/sources_1/bd/ghost_bd/ip/ghost_bd_smartconnect_0_0/bd_0/synth/bd_7001.v:2808]
INFO: [Synth 8-6155] done synthesizing module 'clk_map_imp_1TOOABF' (10#1) [c:/Users/shold/Desktop/EIE-Y2/ghost_new_ip/ghost_game/ghost_game.gen/sources_1/bd/ghost_bd/ip/ghost_bd_smartconnect_0_0/bd_0/synth/bd_7001.v:2743]
INFO: [Synth 8-6157] synthesizing module 'm00_exit_pipeline_imp_5KITI8' [c:/Users/shold/Desktop/EIE-Y2/ghost_new_ip/ghost_game/ghost_game.gen/sources_1/bd/ghost_bd/ip/ghost_bd_smartconnect_0_0/bd_0/synth/bd_7001.v:3113]
INFO: [Synth 8-6157] synthesizing module 'bd_7001_m00e_0' [c:/Users/shold/Desktop/EIE-Y2/ghost_new_ip/ghost_game/ghost_game.gen/sources_1/bd/ghost_bd/ip/ghost_bd_smartconnect_0_0/bd_0/ip/ip_32/synth/bd_7001_m00e_0.sv:58]
INFO: [Synth 8-6157] synthesizing module 'xpm_cdc_async_rst' [C:/Xilinx/Vivado/2020.2/data/ip/xpm/xpm_cdc/hdl/xpm_cdc.sv:1175]
INFO: [Synth 8-6155] done synthesizing module 'xpm_cdc_async_rst' (11#1) [C:/Xilinx/Vivado/2020.2/data/ip/xpm/xpm_cdc/hdl/xpm_cdc.sv:1175]
INFO: [Synth 8-6155] done synthesizing module 'bd_7001_m00e_0' (18#1) [c:/Users/shold/Desktop/EIE-Y2/ghost_new_ip/ghost_game/ghost_game.gen/sources_1/bd/ghost_bd/ip/ghost_bd_smartconnect_0_0/bd_0/ip/ip_32/synth/bd_7001_m00e_0.sv:58]
INFO: [Synth 8-6155] done synthesizing module 'm00_exit_pipeline_imp_5KITI8' (19#1) [c:/Users/shold/Desktop/EIE-Y2/ghost_new_ip/ghost_game/ghost_game.gen/sources_1/bd/ghost_bd/ip/ghost_bd_smartconnect_0_0/bd_0/synth/bd_7001.v:3113]
INFO: [Synth 8-6157] synthesizing module 'm00_nodes_imp_IWQ5ZG' [c:/Users/shold/Desktop/EIE-Y2/ghost_new_ip/ghost_game/ghost_game.gen/sources_1/bd/ghost_bd/ip/ghost_bd_smartconnect_0_0/bd_0/synth/bd_7001.v:3414]
INFO: [Synth 8-6157] synthesizing module 'bd_7001_m00arn_0' [c:/Users/shold/Desktop/EIE-Y2/ghost_new_ip/ghost_game/ghost_game.gen/sources_1/bd/ghost_bd/ip/ghost_bd_smartconnect_0_0/bd_0/ip/ip_27/synth/bd_7001_m00arn_0.sv:58]
INFO: [Synth 8-6155] done synthesizing module 'bd_7001_m00arn_0' (29#1) [c:/Users/shold/Desktop/EIE-Y2/ghost_new_ip/ghost_game/ghost_game.gen/sources_1/bd/ghost_bd/ip/ghost_bd_smartconnect_0_0/bd_0/ip/ip_27/synth/bd_7001_m00arn_0.sv:58]
INFO: [Synth 8-6157] synthesizing module 'bd_7001_m00awn_0' [c:/Users/shold/Desktop/EIE-Y2/ghost_new_ip/ghost_game/ghost_game.gen/sources_1/bd/ghost_bd/ip/ghost_bd_smartconnect_0_0/bd_0/ip/ip_29/synth/bd_7001_m00awn_0.sv:58]
INFO: [Synth 8-6155] done synthesizing module 'bd_7001_m00awn_0' (30#1) [c:/Users/shold/Desktop/EIE-Y2/ghost_new_ip/ghost_game/ghost_game.gen/sources_1/bd/ghost_bd/ip/ghost_bd_smartconnect_0_0/bd_0/ip/ip_29/synth/bd_7001_m00awn_0.sv:58]
INFO: [Synth 8-6157] synthesizing module 'bd_7001_m00bn_0' [c:/Users/shold/Desktop/EIE-Y2/ghost_new_ip/ghost_game/ghost_game.gen/sources_1/bd/ghost_bd/ip/ghost_bd_smartconnect_0_0/bd_0/ip/ip_31/synth/bd_7001_m00bn_0.sv:58]
INFO: [Synth 8-6155] done synthesizing module 'bd_7001_m00bn_0' (31#1) [c:/Users/shold/Desktop/EIE-Y2/ghost_new_ip/ghost_game/ghost_game.gen/sources_1/bd/ghost_bd/ip/ghost_bd_smartconnect_0_0/bd_0/ip/ip_31/synth/bd_7001_m00bn_0.sv:58]
INFO: [Synth 8-6157] synthesizing module 'bd_7001_m00rn_0' [c:/Users/shold/Desktop/EIE-Y2/ghost_new_ip/ghost_game/ghost_game.gen/sources_1/bd/ghost_bd/ip/ghost_bd_smartconnect_0_0/bd_0/ip/ip_28/synth/bd_7001_m00rn_0.sv:58]
INFO: [Synth 8-6155] done synthesizing module 'bd_7001_m00rn_0' (32#1) [c:/Users/shold/Desktop/EIE-Y2/ghost_new_ip/ghost_game/ghost_game.gen/sources_1/bd/ghost_bd/ip/ghost_bd_smartconnect_0_0/bd_0/ip/ip_28/synth/bd_7001_m00rn_0.sv:58]
INFO: [Synth 8-6157] synthesizing module 'bd_7001_m00wn_0' [c:/Users/shold/Desktop/EIE-Y2/ghost_new_ip/ghost_game/ghost_game.gen/sources_1/bd/ghost_bd/ip/ghost_bd_smartconnect_0_0/bd_0/ip/ip_30/synth/bd_7001_m00wn_0.sv:58]
INFO: [Synth 8-6155] done synthesizing module 'bd_7001_m00wn_0' (33#1) [c:/Users/shold/Desktop/EIE-Y2/ghost_new_ip/ghost_game/ghost_game.gen/sources_1/bd/ghost_bd/ip/ghost_bd_smartconnect_0_0/bd_0/ip/ip_30/synth/bd_7001_m00wn_0.sv:58]
INFO: [Synth 8-6155] done synthesizing module 'm00_nodes_imp_IWQ5ZG' (34#1) [c:/Users/shold/Desktop/EIE-Y2/ghost_new_ip/ghost_game/ghost_game.gen/sources_1/bd/ghost_bd/ip/ghost_bd_smartconnect_0_0/bd_0/synth/bd_7001.v:3414]
INFO: [Synth 8-6157] synthesizing module 'bd_7001_m00s2a_0' [c:/Users/shold/Desktop/EIE-Y2/ghost_new_ip/ghost_game/ghost_game.gen/sources_1/bd/ghost_bd/ip/ghost_bd_smartconnect_0_0/bd_0/ip/ip_26/synth/bd_7001_m00s2a_0.sv:58]
INFO: [Synth 8-6155] done synthesizing module 'bd_7001_m00s2a_0' (36#1) [c:/Users/shold/Desktop/EIE-Y2/ghost_new_ip/ghost_game/ghost_game.gen/sources_1/bd/ghost_bd/ip/ghost_bd_smartconnect_0_0/bd_0/ip/ip_26/synth/bd_7001_m00s2a_0.sv:58]
INFO: [Synth 8-6157] synthesizing module 'm01_exit_pipeline_imp_WA23K' [c:/Users/shold/Desktop/EIE-Y2/ghost_new_ip/ghost_game/ghost_game.gen/sources_1/bd/ghost_bd/ip/ghost_bd_smartconnect_0_0/bd_0/synth/bd_7001.v:3710]
INFO: [Synth 8-6157] synthesizing module 'bd_7001_m01e_0' [c:/Users/shold/Desktop/EIE-Y2/ghost_new_ip/ghost_game/ghost_game.gen/sources_1/bd/ghost_bd/ip/ghost_bd_smartconnect_0_0/bd_0/ip/ip_39/synth/bd_7001_m01e_0.sv:58]
INFO: [Synth 8-6155] done synthesizing module 'bd_7001_m01e_0' (37#1) [c:/Users/shold/Desktop/EIE-Y2/ghost_new_ip/ghost_game/ghost_game.gen/sources_1/bd/ghost_bd/ip/ghost_bd_smartconnect_0_0/bd_0/ip/ip_39/synth/bd_7001_m01e_0.sv:58]
INFO: [Synth 8-6155] done synthesizing module 'm01_exit_pipeline_imp_WA23K' (38#1) [c:/Users/shold/Desktop/EIE-Y2/ghost_new_ip/ghost_game/ghost_game.gen/sources_1/bd/ghost_bd/ip/ghost_bd_smartconnect_0_0/bd_0/synth/bd_7001.v:3710]
INFO: [Synth 8-6157] synthesizing module 'm01_nodes_imp_1O96EUY' [c:/Users/shold/Desktop/EIE-Y2/ghost_new_ip/ghost_game/ghost_game.gen/sources_1/bd/ghost_bd/ip/ghost_bd_smartconnect_0_0/bd_0/synth/bd_7001.v:4011]
INFO: [Synth 8-6157] synthesizing module 'bd_7001_m01arn_0' [c:/Users/shold/Desktop/EIE-Y2/ghost_new_ip/ghost_game/ghost_game.gen/sources_1/bd/ghost_bd/ip/ghost_bd_smartconnect_0_0/bd_0/ip/ip_34/synth/bd_7001_m01arn_0.sv:58]
INFO: [Synth 8-6155] done synthesizing module 'bd_7001_m01arn_0' (39#1) [c:/Users/shold/Desktop/EIE-Y2/ghost_new_ip/ghost_game/ghost_game.gen/sources_1/bd/ghost_bd/ip/ghost_bd_smartconnect_0_0/bd_0/ip/ip_34/synth/bd_7001_m01arn_0.sv:58]
INFO: [Synth 8-6157] synthesizing module 'bd_7001_m01awn_0' [c:/Users/shold/Desktop/EIE-Y2/ghost_new_ip/ghost_game/ghost_game.gen/sources_1/bd/ghost_bd/ip/ghost_bd_smartconnect_0_0/bd_0/ip/ip_36/synth/bd_7001_m01awn_0.sv:58]
INFO: [Synth 8-6155] done synthesizing module 'bd_7001_m01awn_0' (40#1) [c:/Users/shold/Desktop/EIE-Y2/ghost_new_ip/ghost_game/ghost_game.gen/sources_1/bd/ghost_bd/ip/ghost_bd_smartconnect_0_0/bd_0/ip/ip_36/synth/bd_7001_m01awn_0.sv:58]
INFO: [Synth 8-6157] synthesizing module 'bd_7001_m01bn_0' [c:/Users/shold/Desktop/EIE-Y2/ghost_new_ip/ghost_game/ghost_game.gen/sources_1/bd/ghost_bd/ip/ghost_bd_smartconnect_0_0/bd_0/ip/ip_38/synth/bd_7001_m01bn_0.sv:58]
INFO: [Synth 8-6155] done synthesizing module 'bd_7001_m01bn_0' (41#1) [c:/Users/shold/Desktop/EIE-Y2/ghost_new_ip/ghost_game/ghost_game.gen/sources_1/bd/ghost_bd/ip/ghost_bd_smartconnect_0_0/bd_0/ip/ip_38/synth/bd_7001_m01bn_0.sv:58]
INFO: [Synth 8-6157] synthesizing module 'bd_7001_m01rn_0' [c:/Users/shold/Desktop/EIE-Y2/ghost_new_ip/ghost_game/ghost_game.gen/sources_1/bd/ghost_bd/ip/ghost_bd_smartconnect_0_0/bd_0/ip/ip_35/synth/bd_7001_m01rn_0.sv:58]
INFO: [Synth 8-6155] done synthesizing module 'bd_7001_m01rn_0' (42#1) [c:/Users/shold/Desktop/EIE-Y2/ghost_new_ip/ghost_game/ghost_game.gen/sources_1/bd/ghost_bd/ip/ghost_bd_smartconnect_0_0/bd_0/ip/ip_35/synth/bd_7001_m01rn_0.sv:58]
INFO: [Synth 8-6157] synthesizing module 'bd_7001_m01wn_0' [c:/Users/shold/Desktop/EIE-Y2/ghost_new_ip/ghost_game/ghost_game.gen/sources_1/bd/ghost_bd/ip/ghost_bd_smartconnect_0_0/bd_0/ip/ip_37/synth/bd_7001_m01wn_0.sv:58]
INFO: [Synth 8-6155] done synthesizing module 'bd_7001_m01wn_0' (43#1) [c:/Users/shold/Desktop/EIE-Y2/ghost_new_ip/ghost_game/ghost_game.gen/sources_1/bd/ghost_bd/ip/ghost_bd_smartconnect_0_0/bd_0/ip/ip_37/synth/bd_7001_m01wn_0.sv:58]
INFO: [Synth 8-6155] done synthesizing module 'm01_nodes_imp_1O96EUY' (44#1) [c:/Users/shold/Desktop/EIE-Y2/ghost_new_ip/ghost_game/ghost_game.gen/sources_1/bd/ghost_bd/ip/ghost_bd_smartconnect_0_0/bd_0/synth/bd_7001.v:4011]
INFO: [Synth 8-6157] synthesizing module 'bd_7001_m01s2a_0' [c:/Users/shold/Desktop/EIE-Y2/ghost_new_ip/ghost_game/ghost_game.gen/sources_1/bd/ghost_bd/ip/ghost_bd_smartconnect_0_0/bd_0/ip/ip_33/synth/bd_7001_m01s2a_0.sv:58]
INFO: [Synth 8-6155] done synthesizing module 'bd_7001_m01s2a_0' (45#1) [c:/Users/shold/Desktop/EIE-Y2/ghost_new_ip/ghost_game/ghost_game.gen/sources_1/bd/ghost_bd/ip/ghost_bd_smartconnect_0_0/bd_0/ip/ip_33/synth/bd_7001_m01s2a_0.sv:58]
INFO: [Synth 8-6157] synthesizing module 'm02_exit_pipeline_imp_G5ZTCW' [c:/Users/shold/Desktop/EIE-Y2/ghost_new_ip/ghost_game/ghost_game.gen/sources_1/bd/ghost_bd/ip/ghost_bd_smartconnect_0_0/bd_0/synth/bd_7001.v:4307]
INFO: [Synth 8-6157] synthesizing module 'bd_7001_m02e_0' [c:/Users/shold/Desktop/EIE-Y2/ghost_new_ip/ghost_game/ghost_game.gen/sources_1/bd/ghost_bd/ip/ghost_bd_smartconnect_0_0/bd_0/ip/ip_46/synth/bd_7001_m02e_0.sv:58]
INFO: [Synth 8-6155] done synthesizing module 'bd_7001_m02e_0' (46#1) [c:/Users/shold/Desktop/EIE-Y2/ghost_new_ip/ghost_game/ghost_game.gen/sources_1/bd/ghost_bd/ip/ghost_bd_smartconnect_0_0/bd_0/ip/ip_46/synth/bd_7001_m02e_0.sv:58]
INFO: [Synth 8-6155] done synthesizing module 'm02_exit_pipeline_imp_G5ZTCW' (47#1) [c:/Users/shold/Desktop/EIE-Y2/ghost_new_ip/ghost_game/ghost_game.gen/sources_1/bd/ghost_bd/ip/ghost_bd_smartconnect_0_0/bd_0/synth/bd_7001.v:4307]
INFO: [Synth 8-6157] synthesizing module 'm02_nodes_imp_19UYWRL' [c:/Users/shold/Desktop/EIE-Y2/ghost_new_ip/ghost_game/ghost_game.gen/sources_1/bd/ghost_bd/ip/ghost_bd_smartconnect_0_0/bd_0/synth/bd_7001.v:4608]
INFO: [Synth 8-6157] synthesizing module 'bd_7001_m02arn_0' [c:/Users/shold/Desktop/EIE-Y2/ghost_new_ip/ghost_game/ghost_game.gen/sources_1/bd/ghost_bd/ip/ghost_bd_smartconnect_0_0/bd_0/ip/ip_41/synth/bd_7001_m02arn_0.sv:58]
INFO: [Synth 8-6155] done synthesizing module 'bd_7001_m02arn_0' (48#1) [c:/Users/shold/Desktop/EIE-Y2/ghost_new_ip/ghost_game/ghost_game.gen/sources_1/bd/ghost_bd/ip/ghost_bd_smartconnect_0_0/bd_0/ip/ip_41/synth/bd_7001_m02arn_0.sv:58]
INFO: [Synth 8-6157] synthesizing module 'bd_7001_m02awn_0' [c:/Users/shold/Desktop/EIE-Y2/ghost_new_ip/ghost_game/ghost_game.gen/sources_1/bd/ghost_bd/ip/ghost_bd_smartconnect_0_0/bd_0/ip/ip_43/synth/bd_7001_m02awn_0.sv:58]
INFO: [Synth 8-6155] done synthesizing module 'bd_7001_m02awn_0' (49#1) [c:/Users/shold/Desktop/EIE-Y2/ghost_new_ip/ghost_game/ghost_game.gen/sources_1/bd/ghost_bd/ip/ghost_bd_smartconnect_0_0/bd_0/ip/ip_43/synth/bd_7001_m02awn_0.sv:58]
INFO: [Synth 8-6157] synthesizing module 'bd_7001_m02bn_0' [c:/Users/shold/Desktop/EIE-Y2/ghost_new_ip/ghost_game/ghost_game.gen/sources_1/bd/ghost_bd/ip/ghost_bd_smartconnect_0_0/bd_0/ip/ip_45/synth/bd_7001_m02bn_0.sv:58]
INFO: [Synth 8-6155] done synthesizing module 'bd_7001_m02bn_0' (50#1) [c:/Users/shold/Desktop/EIE-Y2/ghost_new_ip/ghost_game/ghost_game.gen/sources_1/bd/ghost_bd/ip/ghost_bd_smartconnect_0_0/bd_0/ip/ip_45/synth/bd_7001_m02bn_0.sv:58]
INFO: [Synth 8-6157] synthesizing module 'bd_7001_m02rn_0' [c:/Users/shold/Desktop/EIE-Y2/ghost_new_ip/ghost_game/ghost_game.gen/sources_1/bd/ghost_bd/ip/ghost_bd_smartconnect_0_0/bd_0/ip/ip_42/synth/bd_7001_m02rn_0.sv:58]
INFO: [Synth 8-6155] done synthesizing module 'bd_7001_m02rn_0' (51#1) [c:/Users/shold/Desktop/EIE-Y2/ghost_new_ip/ghost_game/ghost_game.gen/sources_1/bd/ghost_bd/ip/ghost_bd_smartconnect_0_0/bd_0/ip/ip_42/synth/bd_7001_m02rn_0.sv:58]
INFO: [Synth 8-6157] synthesizing module 'bd_7001_m02wn_0' [c:/Users/shold/Desktop/EIE-Y2/ghost_new_ip/ghost_game/ghost_game.gen/sources_1/bd/ghost_bd/ip/ghost_bd_smartconnect_0_0/bd_0/ip/ip_44/synth/bd_7001_m02wn_0.sv:58]
INFO: [Synth 8-6155] done synthesizing module 'bd_7001_m02wn_0' (52#1) [c:/Users/shold/Desktop/EIE-Y2/ghost_new_ip/ghost_game/ghost_game.gen/sources_1/bd/ghost_bd/ip/ghost_bd_smartconnect_0_0/bd_0/ip/ip_44/synth/bd_7001_m02wn_0.sv:58]
INFO: [Synth 8-6155] done synthesizing module 'm02_nodes_imp_19UYWRL' (53#1) [c:/Users/shold/Desktop/EIE-Y2/ghost_new_ip/ghost_game/ghost_game.gen/sources_1/bd/ghost_bd/ip/ghost_bd_smartconnect_0_0/bd_0/synth/bd_7001.v:4608]
INFO: [Synth 8-6157] synthesizing module 'bd_7001_m02s2a_0' [c:/Users/shold/Desktop/EIE-Y2/ghost_new_ip/ghost_game/ghost_game.gen/sources_1/bd/ghost_bd/ip/ghost_bd_smartconnect_0_0/bd_0/ip/ip_40/synth/bd_7001_m02s2a_0.sv:58]
INFO: [Synth 8-6155] done synthesizing module 'bd_7001_m02s2a_0' (54#1) [c:/Users/shold/Desktop/EIE-Y2/ghost_new_ip/ghost_game/ghost_game.gen/sources_1/bd/ghost_bd/ip/ghost_bd_smartconnect_0_0/bd_0/ip/ip_40/synth/bd_7001_m02s2a_0.sv:58]
INFO: [Synth 8-6157] synthesizing module 'm03_exit_pipeline_imp_CLOQE8' [c:/Users/shold/Desktop/EIE-Y2/ghost_new_ip/ghost_game/ghost_game.gen/sources_1/bd/ghost_bd/ip/ghost_bd_smartconnect_0_0/bd_0/synth/bd_7001.v:4904]
INFO: [Synth 8-6157] synthesizing module 'bd_7001_m03e_0' [c:/Users/shold/Desktop/EIE-Y2/ghost_new_ip/ghost_game/ghost_game.gen/sources_1/bd/ghost_bd/ip/ghost_bd_smartconnect_0_0/bd_0/ip/ip_53/synth/bd_7001_m03e_0.sv:58]
INFO: [Synth 8-6155] done synthesizing module 'bd_7001_m03e_0' (55#1) [c:/Users/shold/Desktop/EIE-Y2/ghost_new_ip/ghost_game/ghost_game.gen/sources_1/bd/ghost_bd/ip/ghost_bd_smartconnect_0_0/bd_0/ip/ip_53/synth/bd_7001_m03e_0.sv:58]
INFO: [Synth 8-6155] done synthesizing module 'm03_exit_pipeline_imp_CLOQE8' (56#1) [c:/Users/shold/Desktop/EIE-Y2/ghost_new_ip/ghost_game/ghost_game.gen/sources_1/bd/ghost_bd/ip/ghost_bd_smartconnect_0_0/bd_0/synth/bd_7001.v:4904]
INFO: [Synth 8-6157] synthesizing module 'm03_nodes_imp_FM5LAV' [c:/Users/shold/Desktop/EIE-Y2/ghost_new_ip/ghost_game/ghost_game.gen/sources_1/bd/ghost_bd/ip/ghost_bd_smartconnect_0_0/bd_0/synth/bd_7001.v:5205]
INFO: [Synth 8-6157] synthesizing module 'bd_7001_m03arn_0' [c:/Users/shold/Desktop/EIE-Y2/ghost_new_ip/ghost_game/ghost_game.gen/sources_1/bd/ghost_bd/ip/ghost_bd_smartconnect_0_0/bd_0/ip/ip_48/synth/bd_7001_m03arn_0.sv:58]
INFO: [Synth 8-6155] done synthesizing module 'bd_7001_m03arn_0' (57#1) [c:/Users/shold/Desktop/EIE-Y2/ghost_new_ip/ghost_game/ghost_game.gen/sources_1/bd/ghost_bd/ip/ghost_bd_smartconnect_0_0/bd_0/ip/ip_48/synth/bd_7001_m03arn_0.sv:58]
INFO: [Synth 8-6157] synthesizing module 'bd_7001_m03awn_0' [c:/Users/shold/Desktop/EIE-Y2/ghost_new_ip/ghost_game/ghost_game.gen/sources_1/bd/ghost_bd/ip/ghost_bd_smartconnect_0_0/bd_0/ip/ip_50/synth/bd_7001_m03awn_0.sv:58]
INFO: [Synth 8-6155] done synthesizing module 'bd_7001_m03awn_0' (58#1) [c:/Users/shold/Desktop/EIE-Y2/ghost_new_ip/ghost_game/ghost_game.gen/sources_1/bd/ghost_bd/ip/ghost_bd_smartconnect_0_0/bd_0/ip/ip_50/synth/bd_7001_m03awn_0.sv:58]
INFO: [Synth 8-6157] synthesizing module 'bd_7001_m03bn_0' [c:/Users/shold/Desktop/EIE-Y2/ghost_new_ip/ghost_game/ghost_game.gen/sources_1/bd/ghost_bd/ip/ghost_bd_smartconnect_0_0/bd_0/ip/ip_52/synth/bd_7001_m03bn_0.sv:58]
INFO: [Synth 8-6155] done synthesizing module 'bd_7001_m03bn_0' (59#1) [c:/Users/shold/Desktop/EIE-Y2/ghost_new_ip/ghost_game/ghost_game.gen/sources_1/bd/ghost_bd/ip/ghost_bd_smartconnect_0_0/bd_0/ip/ip_52/synth/bd_7001_m03bn_0.sv:58]
INFO: [Synth 8-6157] synthesizing module 'bd_7001_m03rn_0' [c:/Users/shold/Desktop/EIE-Y2/ghost_new_ip/ghost_game/ghost_game.gen/sources_1/bd/ghost_bd/ip/ghost_bd_smartconnect_0_0/bd_0/ip/ip_49/synth/bd_7001_m03rn_0.sv:58]
INFO: [Synth 8-6155] done synthesizing module 'bd_7001_m03rn_0' (60#1) [c:/Users/shold/Desktop/EIE-Y2/ghost_new_ip/ghost_game/ghost_game.gen/sources_1/bd/ghost_bd/ip/ghost_bd_smartconnect_0_0/bd_0/ip/ip_49/synth/bd_7001_m03rn_0.sv:58]
INFO: [Synth 8-6157] synthesizing module 'bd_7001_m03wn_0' [c:/Users/shold/Desktop/EIE-Y2/ghost_new_ip/ghost_game/ghost_game.gen/sources_1/bd/ghost_bd/ip/ghost_bd_smartconnect_0_0/bd_0/ip/ip_51/synth/bd_7001_m03wn_0.sv:58]
INFO: [Synth 8-6155] done synthesizing module 'bd_7001_m03wn_0' (61#1) [c:/Users/shold/Desktop/EIE-Y2/ghost_new_ip/ghost_game/ghost_game.gen/sources_1/bd/ghost_bd/ip/ghost_bd_smartconnect_0_0/bd_0/ip/ip_51/synth/bd_7001_m03wn_0.sv:58]
INFO: [Synth 8-6155] done synthesizing module 'm03_nodes_imp_FM5LAV' (62#1) [c:/Users/shold/Desktop/EIE-Y2/ghost_new_ip/ghost_game/ghost_game.gen/sources_1/bd/ghost_bd/ip/ghost_bd_smartconnect_0_0/bd_0/synth/bd_7001.v:5205]
INFO: [Synth 8-6157] synthesizing module 'bd_7001_m03s2a_0' [c:/Users/shold/Desktop/EIE-Y2/ghost_new_ip/ghost_game/ghost_game.gen/sources_1/bd/ghost_bd/ip/ghost_bd_smartconnect_0_0/bd_0/ip/ip_47/synth/bd_7001_m03s2a_0.sv:58]
INFO: [Synth 8-6155] done synthesizing module 'bd_7001_m03s2a_0' (63#1) [c:/Users/shold/Desktop/EIE-Y2/ghost_new_ip/ghost_game/ghost_game.gen/sources_1/bd/ghost_bd/ip/ghost_bd_smartconnect_0_0/bd_0/ip/ip_47/synth/bd_7001_m03s2a_0.sv:58]
INFO: [Synth 8-6157] synthesizing module 'm04_exit_pipeline_imp_K65UCG' [c:/Users/shold/Desktop/EIE-Y2/ghost_new_ip/ghost_game/ghost_game.gen/sources_1/bd/ghost_bd/ip/ghost_bd_smartconnect_0_0/bd_0/synth/bd_7001.v:5501]
INFO: [Synth 8-6157] synthesizing module 'bd_7001_m04e_0' [c:/Users/shold/Desktop/EIE-Y2/ghost_new_ip/ghost_game/ghost_game.gen/sources_1/bd/ghost_bd/ip/ghost_bd_smartconnect_0_0/bd_0/ip/ip_60/synth/bd_7001_m04e_0.sv:58]
INFO: [Synth 8-6155] done synthesizing module 'bd_7001_m04e_0' (64#1) [c:/Users/shold/Desktop/EIE-Y2/ghost_new_ip/ghost_game/ghost_game.gen/sources_1/bd/ghost_bd/ip/ghost_bd_smartconnect_0_0/bd_0/ip/ip_60/synth/bd_7001_m04e_0.sv:58]
INFO: [Synth 8-6155] done synthesizing module 'm04_exit_pipeline_imp_K65UCG' (65#1) [c:/Users/shold/Desktop/EIE-Y2/ghost_new_ip/ghost_game/ghost_game.gen/sources_1/bd/ghost_bd/ip/ghost_bd_smartconnect_0_0/bd_0/synth/bd_7001.v:5501]
INFO: [Synth 8-6157] synthesizing module 'm04_nodes_imp_PYD6FR' [c:/Users/shold/Desktop/EIE-Y2/ghost_new_ip/ghost_game/ghost_game.gen/sources_1/bd/ghost_bd/ip/ghost_bd_smartconnect_0_0/bd_0/synth/bd_7001.v:5802]
INFO: [Synth 8-6157] synthesizing module 'bd_7001_m04arn_0' [c:/Users/shold/Desktop/EIE-Y2/ghost_new_ip/ghost_game/ghost_game.gen/sources_1/bd/ghost_bd/ip/ghost_bd_smartconnect_0_0/bd_0/ip/ip_55/synth/bd_7001_m04arn_0.sv:58]
INFO: [Synth 8-6155] done synthesizing module 'bd_7001_m04arn_0' (66#1) [c:/Users/shold/Desktop/EIE-Y2/ghost_new_ip/ghost_game/ghost_game.gen/sources_1/bd/ghost_bd/ip/ghost_bd_smartconnect_0_0/bd_0/ip/ip_55/synth/bd_7001_m04arn_0.sv:58]
INFO: [Synth 8-6157] synthesizing module 'bd_7001_m04awn_0' [c:/Users/shold/Desktop/EIE-Y2/ghost_new_ip/ghost_game/ghost_game.gen/sources_1/bd/ghost_bd/ip/ghost_bd_smartconnect_0_0/bd_0/ip/ip_57/synth/bd_7001_m04awn_0.sv:58]
INFO: [Synth 8-6155] done synthesizing module 'bd_7001_m04awn_0' (67#1) [c:/Users/shold/Desktop/EIE-Y2/ghost_new_ip/ghost_game/ghost_game.gen/sources_1/bd/ghost_bd/ip/ghost_bd_smartconnect_0_0/bd_0/ip/ip_57/synth/bd_7001_m04awn_0.sv:58]
INFO: [Synth 8-6157] synthesizing module 'bd_7001_m04bn_0' [c:/Users/shold/Desktop/EIE-Y2/ghost_new_ip/ghost_game/ghost_game.gen/sources_1/bd/ghost_bd/ip/ghost_bd_smartconnect_0_0/bd_0/ip/ip_59/synth/bd_7001_m04bn_0.sv:58]
INFO: [Synth 8-6155] done synthesizing module 'bd_7001_m04bn_0' (68#1) [c:/Users/shold/Desktop/EIE-Y2/ghost_new_ip/ghost_game/ghost_game.gen/sources_1/bd/ghost_bd/ip/ghost_bd_smartconnect_0_0/bd_0/ip/ip_59/synth/bd_7001_m04bn_0.sv:58]
INFO: [Synth 8-6157] synthesizing module 'bd_7001_m04rn_0' [c:/Users/shold/Desktop/EIE-Y2/ghost_new_ip/ghost_game/ghost_game.gen/sources_1/bd/ghost_bd/ip/ghost_bd_smartconnect_0_0/bd_0/ip/ip_56/synth/bd_7001_m04rn_0.sv:58]
INFO: [Synth 8-6155] done synthesizing module 'bd_7001_m04rn_0' (69#1) [c:/Users/shold/Desktop/EIE-Y2/ghost_new_ip/ghost_game/ghost_game.gen/sources_1/bd/ghost_bd/ip/ghost_bd_smartconnect_0_0/bd_0/ip/ip_56/synth/bd_7001_m04rn_0.sv:58]
INFO: [Synth 8-6157] synthesizing module 'bd_7001_m04wn_0' [c:/Users/shold/Desktop/EIE-Y2/ghost_new_ip/ghost_game/ghost_game.gen/sources_1/bd/ghost_bd/ip/ghost_bd_smartconnect_0_0/bd_0/ip/ip_58/synth/bd_7001_m04wn_0.sv:58]
INFO: [Synth 8-6155] done synthesizing module 'bd_7001_m04wn_0' (70#1) [c:/Users/shold/Desktop/EIE-Y2/ghost_new_ip/ghost_game/ghost_game.gen/sources_1/bd/ghost_bd/ip/ghost_bd_smartconnect_0_0/bd_0/ip/ip_58/synth/bd_7001_m04wn_0.sv:58]
INFO: [Synth 8-6155] done synthesizing module 'm04_nodes_imp_PYD6FR' (71#1) [c:/Users/shold/Desktop/EIE-Y2/ghost_new_ip/ghost_game/ghost_game.gen/sources_1/bd/ghost_bd/ip/ghost_bd_smartconnect_0_0/bd_0/synth/bd_7001.v:5802]
INFO: [Synth 8-6157] synthesizing module 'bd_7001_m04s2a_0' [c:/Users/shold/Desktop/EIE-Y2/ghost_new_ip/ghost_game/ghost_game.gen/sources_1/bd/ghost_bd/ip/ghost_bd_smartconnect_0_0/bd_0/ip/ip_54/synth/bd_7001_m04s2a_0.sv:58]
INFO: [Synth 8-6155] done synthesizing module 'bd_7001_m04s2a_0' (72#1) [c:/Users/shold/Desktop/EIE-Y2/ghost_new_ip/ghost_game/ghost_game.gen/sources_1/bd/ghost_bd/ip/ghost_bd_smartconnect_0_0/bd_0/ip/ip_54/synth/bd_7001_m04s2a_0.sv:58]
INFO: [Synth 8-6157] synthesizing module 'm05_exit_pipeline_imp_QIYXWG' [c:/Users/shold/Desktop/EIE-Y2/ghost_new_ip/ghost_game/ghost_game.gen/sources_1/bd/ghost_bd/ip/ghost_bd_smartconnect_0_0/bd_0/synth/bd_7001.v:6098]
INFO: [Synth 8-6157] synthesizing module 'bd_7001_m05e_0' [c:/Users/shold/Desktop/EIE-Y2/ghost_new_ip/ghost_game/ghost_game.gen/sources_1/bd/ghost_bd/ip/ghost_bd_smartconnect_0_0/bd_0/ip/ip_67/synth/bd_7001_m05e_0.sv:58]
INFO: [Synth 8-6155] done synthesizing module 'bd_7001_m05e_0' (73#1) [c:/Users/shold/Desktop/EIE-Y2/ghost_new_ip/ghost_game/ghost_game.gen/sources_1/bd/ghost_bd/ip/ghost_bd_smartconnect_0_0/bd_0/ip/ip_67/synth/bd_7001_m05e_0.sv:58]
INFO: [Synth 8-6155] done synthesizing module 'm05_exit_pipeline_imp_QIYXWG' (74#1) [c:/Users/shold/Desktop/EIE-Y2/ghost_new_ip/ghost_game/ghost_game.gen/sources_1/bd/ghost_bd/ip/ghost_bd_smartconnect_0_0/bd_0/synth/bd_7001.v:6098]
INFO: [Synth 8-6157] synthesizing module 'm05_nodes_imp_1HF12N5' [c:/Users/shold/Desktop/EIE-Y2/ghost_new_ip/ghost_game/ghost_game.gen/sources_1/bd/ghost_bd/ip/ghost_bd_smartconnect_0_0/bd_0/synth/bd_7001.v:6399]
INFO: [Synth 8-6157] synthesizing module 'bd_7001_m05arn_0' [c:/Users/shold/Desktop/EIE-Y2/ghost_new_ip/ghost_game/ghost_game.gen/sources_1/bd/ghost_bd/ip/ghost_bd_smartconnect_0_0/bd_0/ip/ip_62/synth/bd_7001_m05arn_0.sv:58]
INFO: [Synth 8-6155] done synthesizing module 'bd_7001_m05arn_0' (75#1) [c:/Users/shold/Desktop/EIE-Y2/ghost_new_ip/ghost_game/ghost_game.gen/sources_1/bd/ghost_bd/ip/ghost_bd_smartconnect_0_0/bd_0/ip/ip_62/synth/bd_7001_m05arn_0.sv:58]
INFO: [Synth 8-6157] synthesizing module 'bd_7001_m05awn_0' [c:/Users/shold/Desktop/EIE-Y2/ghost_new_ip/ghost_game/ghost_game.gen/sources_1/bd/ghost_bd/ip/ghost_bd_smartconnect_0_0/bd_0/ip/ip_64/synth/bd_7001_m05awn_0.sv:58]
INFO: [Synth 8-6155] done synthesizing module 'bd_7001_m05awn_0' (76#1) [c:/Users/shold/Desktop/EIE-Y2/ghost_new_ip/ghost_game/ghost_game.gen/sources_1/bd/ghost_bd/ip/ghost_bd_smartconnect_0_0/bd_0/ip/ip_64/synth/bd_7001_m05awn_0.sv:58]
INFO: [Synth 8-6157] synthesizing module 'bd_7001_m05bn_0' [c:/Users/shold/Desktop/EIE-Y2/ghost_new_ip/ghost_game/ghost_game.gen/sources_1/bd/ghost_bd/ip/ghost_bd_smartconnect_0_0/bd_0/ip/ip_66/synth/bd_7001_m05bn_0.sv:58]
INFO: [Synth 8-6155] done synthesizing module 'bd_7001_m05bn_0' (77#1) [c:/Users/shold/Desktop/EIE-Y2/ghost_new_ip/ghost_game/ghost_game.gen/sources_1/bd/ghost_bd/ip/ghost_bd_smartconnect_0_0/bd_0/ip/ip_66/synth/bd_7001_m05bn_0.sv:58]
INFO: [Synth 8-6157] synthesizing module 'bd_7001_m05rn_0' [c:/Users/shold/Desktop/EIE-Y2/ghost_new_ip/ghost_game/ghost_game.gen/sources_1/bd/ghost_bd/ip/ghost_bd_smartconnect_0_0/bd_0/ip/ip_63/synth/bd_7001_m05rn_0.sv:58]
INFO: [Synth 8-6155] done synthesizing module 'bd_7001_m05rn_0' (78#1) [c:/Users/shold/Desktop/EIE-Y2/ghost_new_ip/ghost_game/ghost_game.gen/sources_1/bd/ghost_bd/ip/ghost_bd_smartconnect_0_0/bd_0/ip/ip_63/synth/bd_7001_m05rn_0.sv:58]
INFO: [Synth 8-6157] synthesizing module 'bd_7001_m05wn_0' [c:/Users/shold/Desktop/EIE-Y2/ghost_new_ip/ghost_game/ghost_game.gen/sources_1/bd/ghost_bd/ip/ghost_bd_smartconnect_0_0/bd_0/ip/ip_65/synth/bd_7001_m05wn_0.sv:58]
INFO: [Synth 8-6155] done synthesizing module 'bd_7001_m05wn_0' (79#1) [c:/Users/shold/Desktop/EIE-Y2/ghost_new_ip/ghost_game/ghost_game.gen/sources_1/bd/ghost_bd/ip/ghost_bd_smartconnect_0_0/bd_0/ip/ip_65/synth/bd_7001_m05wn_0.sv:58]
INFO: [Synth 8-6155] done synthesizing module 'm05_nodes_imp_1HF12N5' (80#1) [c:/Users/shold/Desktop/EIE-Y2/ghost_new_ip/ghost_game/ghost_game.gen/sources_1/bd/ghost_bd/ip/ghost_bd_smartconnect_0_0/bd_0/synth/bd_7001.v:6399]
INFO: [Synth 8-6157] synthesizing module 'bd_7001_m05s2a_0' [c:/Users/shold/Desktop/EIE-Y2/ghost_new_ip/ghost_game/ghost_game.gen/sources_1/bd/ghost_bd/ip/ghost_bd_smartconnect_0_0/bd_0/ip/ip_61/synth/bd_7001_m05s2a_0.sv:58]
INFO: [Synth 8-6155] done synthesizing module 'bd_7001_m05s2a_0' (81#1) [c:/Users/shold/Desktop/EIE-Y2/ghost_new_ip/ghost_game/ghost_game.gen/sources_1/bd/ghost_bd/ip/ghost_bd_smartconnect_0_0/bd_0/ip/ip_61/synth/bd_7001_m05s2a_0.sv:58]
INFO: [Synth 8-6157] synthesizing module 'bd_7001_s00a2s_0' [c:/Users/shold/Desktop/EIE-Y2/ghost_new_ip/ghost_game/ghost_game.gen/sources_1/bd/ghost_bd/ip/ghost_bd_smartconnect_0_0/bd_0/ip/ip_20/synth/bd_7001_s00a2s_0.sv:58]
INFO: [Synth 8-6155] done synthesizing module 'bd_7001_s00a2s_0' (83#1) [c:/Users/shold/Desktop/EIE-Y2/ghost_new_ip/ghost_game/ghost_game.gen/sources_1/bd/ghost_bd/ip/ghost_bd_smartconnect_0_0/bd_0/ip/ip_20/synth/bd_7001_s00a2s_0.sv:58]
INFO: [Synth 8-6157] synthesizing module 's00_entry_pipeline_imp_15YLAEB' [c:/Users/shold/Desktop/EIE-Y2/ghost_new_ip/ghost_game/ghost_game.gen/sources_1/bd/ghost_bd/ip/ghost_bd_smartconnect_0_0/bd_0/synth/bd_7001.v:6695]
INFO: [Synth 8-6157] synthesizing module 'bd_7001_s00mmu_0' [c:/Users/shold/Desktop/EIE-Y2/ghost_new_ip/ghost_game/ghost_game.gen/sources_1/bd/ghost_bd/ip/ghost_bd_smartconnect_0_0/bd_0/ip/ip_17/synth/bd_7001_s00mmu_0.sv:59]
INFO: [Synth 8-6155] done synthesizing module 'bd_7001_s00mmu_0' (88#1) [c:/Users/shold/Desktop/EIE-Y2/ghost_new_ip/ghost_game/ghost_game.gen/sources_1/bd/ghost_bd/ip/ghost_bd_smartconnect_0_0/bd_0/ip/ip_17/synth/bd_7001_s00mmu_0.sv:59]
INFO: [Synth 8-6157] synthesizing module 'bd_7001_s00sic_0' [c:/Users/shold/Desktop/EIE-Y2/ghost_new_ip/ghost_game/ghost_game.gen/sources_1/bd/ghost_bd/ip/ghost_bd_smartconnect_0_0/bd_0/ip/ip_19/synth/bd_7001_s00sic_0.sv:59]
INFO: [Synth 8-6155] done synthesizing module 'bd_7001_s00sic_0' (91#1) [c:/Users/shold/Desktop/EIE-Y2/ghost_new_ip/ghost_game/ghost_game.gen/sources_1/bd/ghost_bd/ip/ghost_bd_smartconnect_0_0/bd_0/ip/ip_19/synth/bd_7001_s00sic_0.sv:59]
INFO: [Synth 8-6157] synthesizing module 'bd_7001_s00tr_0' [c:/Users/shold/Desktop/EIE-Y2/ghost_new_ip/ghost_game/ghost_game.gen/sources_1/bd/ghost_bd/ip/ghost_bd_smartconnect_0_0/bd_0/ip/ip_18/synth/bd_7001_s00tr_0.sv:58]
INFO: [Synth 8-6155] done synthesizing module 'bd_7001_s00tr_0' (94#1) [c:/Users/shold/Desktop/EIE-Y2/ghost_new_ip/ghost_game/ghost_game.gen/sources_1/bd/ghost_bd/ip/ghost_bd_smartconnect_0_0/bd_0/ip/ip_18/synth/bd_7001_s00tr_0.sv:58]
INFO: [Synth 8-6155] done synthesizing module 's00_entry_pipeline_imp_15YLAEB' (95#1) [c:/Users/shold/Desktop/EIE-Y2/ghost_new_ip/ghost_game/ghost_game.gen/sources_1/bd/ghost_bd/ip/ghost_bd_smartconnect_0_0/bd_0/synth/bd_7001.v:6695]
INFO: [Synth 8-6157] synthesizing module 's00_nodes_imp_107NXMH' [c:/Users/shold/Desktop/EIE-Y2/ghost_new_ip/ghost_game/ghost_game.gen/sources_1/bd/ghost_bd/ip/ghost_bd_smartconnect_0_0/bd_0/synth/bd_7001.v:7349]
INFO: [Synth 8-6157] synthesizing module 'bd_7001_sarn_0' [c:/Users/shold/Desktop/EIE-Y2/ghost_new_ip/ghost_game/ghost_game.gen/sources_1/bd/ghost_bd/ip/ghost_bd_smartconnect_0_0/bd_0/ip/ip_21/synth/bd_7001_sarn_0.sv:58]
INFO: [Synth 8-6155] done synthesizing module 'bd_7001_sarn_0' (96#1) [c:/Users/shold/Desktop/EIE-Y2/ghost_new_ip/ghost_game/ghost_game.gen/sources_1/bd/ghost_bd/ip/ghost_bd_smartconnect_0_0/bd_0/ip/ip_21/synth/bd_7001_sarn_0.sv:58]
INFO: [Synth 8-6157] synthesizing module 'bd_7001_sawn_0' [c:/Users/shold/Desktop/EIE-Y2/ghost_new_ip/ghost_game/ghost_game.gen/sources_1/bd/ghost_bd/ip/ghost_bd_smartconnect_0_0/bd_0/ip/ip_23/synth/bd_7001_sawn_0.sv:58]
INFO: [Synth 8-6155] done synthesizing module 'bd_7001_sawn_0' (97#1) [c:/Users/shold/Desktop/EIE-Y2/ghost_new_ip/ghost_game/ghost_game.gen/sources_1/bd/ghost_bd/ip/ghost_bd_smartconnect_0_0/bd_0/ip/ip_23/synth/bd_7001_sawn_0.sv:58]
INFO: [Synth 8-6157] synthesizing module 'bd_7001_sbn_0' [c:/Users/shold/Desktop/EIE-Y2/ghost_new_ip/ghost_game/ghost_game.gen/sources_1/bd/ghost_bd/ip/ghost_bd_smartconnect_0_0/bd_0/ip/ip_25/synth/bd_7001_sbn_0.sv:58]
INFO: [Synth 8-6155] done synthesizing module 'bd_7001_sbn_0' (98#1) [c:/Users/shold/Desktop/EIE-Y2/ghost_new_ip/ghost_game/ghost_game.gen/sources_1/bd/ghost_bd/ip/ghost_bd_smartconnect_0_0/bd_0/ip/ip_25/synth/bd_7001_sbn_0.sv:58]
INFO: [Synth 8-6157] synthesizing module 'bd_7001_srn_0' [c:/Users/shold/Desktop/EIE-Y2/ghost_new_ip/ghost_game/ghost_game.gen/sources_1/bd/ghost_bd/ip/ghost_bd_smartconnect_0_0/bd_0/ip/ip_22/synth/bd_7001_srn_0.sv:58]
INFO: [Synth 8-6155] done synthesizing module 'bd_7001_srn_0' (99#1) [c:/Users/shold/Desktop/EIE-Y2/ghost_new_ip/ghost_game/ghost_game.gen/sources_1/bd/ghost_bd/ip/ghost_bd_smartconnect_0_0/bd_0/ip/ip_22/synth/bd_7001_srn_0.sv:58]
INFO: [Synth 8-6157] synthesizing module 'bd_7001_swn_0' [c:/Users/shold/Desktop/EIE-Y2/ghost_new_ip/ghost_game/ghost_game.gen/sources_1/bd/ghost_bd/ip/ghost_bd_smartconnect_0_0/bd_0/ip/ip_24/synth/bd_7001_swn_0.sv:58]
INFO: [Synth 8-6155] done synthesizing module 'bd_7001_swn_0' (100#1) [c:/Users/shold/Desktop/EIE-Y2/ghost_new_ip/ghost_game/ghost_game.gen/sources_1/bd/ghost_bd/ip/ghost_bd_smartconnect_0_0/bd_0/ip/ip_24/synth/bd_7001_swn_0.sv:58]
INFO: [Synth 8-6155] done synthesizing module 's00_nodes_imp_107NXMH' (101#1) [c:/Users/shold/Desktop/EIE-Y2/ghost_new_ip/ghost_game/ghost_game.gen/sources_1/bd/ghost_bd/ip/ghost_bd_smartconnect_0_0/bd_0/synth/bd_7001.v:7349]
INFO: [Synth 8-6157] synthesizing module 'switchboards_imp_1SRWEST' [c:/Users/shold/Desktop/EIE-Y2/ghost_new_ip/ghost_game/ghost_game.gen/sources_1/bd/ghost_bd/ip/ghost_bd_smartconnect_0_0/bd_0/synth/bd_7001.v:7645]
INFO: [Synth 8-6157] synthesizing module 'bd_7001_arinsw_0' [c:/Users/shold/Desktop/EIE-Y2/ghost_new_ip/ghost_game/ghost_game.gen/sources_1/bd/ghost_bd/ip/ghost_bd_smartconnect_0_0/bd_0/ip/ip_2/synth/bd_7001_arinsw_0.sv:57]
INFO: [Synth 8-6155] done synthesizing module 'bd_7001_arinsw_0' (104#1) [c:/Users/shold/Desktop/EIE-Y2/ghost_new_ip/ghost_game/ghost_game.gen/sources_1/bd/ghost_bd/ip/ghost_bd_smartconnect_0_0/bd_0/ip/ip_2/synth/bd_7001_arinsw_0.sv:57]
INFO: [Synth 8-6157] synthesizing module 'bd_7001_aroutsw_0' [c:/Users/shold/Desktop/EIE-Y2/ghost_new_ip/ghost_game/ghost_game.gen/sources_1/bd/ghost_bd/ip/ghost_bd_smartconnect_0_0/bd_0/ip/ip_7/synth/bd_7001_aroutsw_0.sv:57]
INFO: [Synth 8-6155] done synthesizing module 'bd_7001_aroutsw_0' (105#1) [c:/Users/shold/Desktop/EIE-Y2/ghost_new_ip/ghost_game/ghost_game.gen/sources_1/bd/ghost_bd/ip/ghost_bd_smartconnect_0_0/bd_0/ip/ip_7/synth/bd_7001_aroutsw_0.sv:57]
INFO: [Synth 8-6157] synthesizing module 'bd_7001_awinsw_0' [c:/Users/shold/Desktop/EIE-Y2/ghost_new_ip/ghost_game/ghost_game.gen/sources_1/bd/ghost_bd/ip/ghost_bd_smartconnect_0_0/bd_0/ip/ip_4/synth/bd_7001_awinsw_0.sv:57]
INFO: [Synth 8-6155] done synthesizing module 'bd_7001_awinsw_0' (106#1) [c:/Users/shold/Desktop/EIE-Y2/ghost_new_ip/ghost_game/ghost_game.gen/sources_1/bd/ghost_bd/ip/ghost_bd_smartconnect_0_0/bd_0/ip/ip_4/synth/bd_7001_awinsw_0.sv:57]
INFO: [Synth 8-6157] synthesizing module 'bd_7001_awoutsw_0' [c:/Users/shold/Desktop/EIE-Y2/ghost_new_ip/ghost_game/ghost_game.gen/sources_1/bd/ghost_bd/ip/ghost_bd_smartconnect_0_0/bd_0/ip/ip_9/synth/bd_7001_awoutsw_0.sv:57]
INFO: [Synth 8-6155] done synthesizing module 'bd_7001_awoutsw_0' (107#1) [c:/Users/shold/Desktop/EIE-Y2/ghost_new_ip/ghost_game/ghost_game.gen/sources_1/bd/ghost_bd/ip/ghost_bd_smartconnect_0_0/bd_0/ip/ip_9/synth/bd_7001_awoutsw_0.sv:57]
INFO: [Synth 8-6157] synthesizing module 'bd_7001_binsw_0' [c:/Users/shold/Desktop/EIE-Y2/ghost_new_ip/ghost_game/ghost_game.gen/sources_1/bd/ghost_bd/ip/ghost_bd_smartconnect_0_0/bd_0/ip/ip_6/synth/bd_7001_binsw_0.sv:57]
INFO: [Synth 8-6155] done synthesizing module 'bd_7001_binsw_0' (108#1) [c:/Users/shold/Desktop/EIE-Y2/ghost_new_ip/ghost_game/ghost_game.gen/sources_1/bd/ghost_bd/ip/ghost_bd_smartconnect_0_0/bd_0/ip/ip_6/synth/bd_7001_binsw_0.sv:57]
INFO: [Synth 8-6157] synthesizing module 'bd_7001_boutsw_0' [c:/Users/shold/Desktop/EIE-Y2/ghost_new_ip/ghost_game/ghost_game.gen/sources_1/bd/ghost_bd/ip/ghost_bd_smartconnect_0_0/bd_0/ip/ip_11/synth/bd_7001_boutsw_0.sv:57]
INFO: [Synth 8-6155] done synthesizing module 'bd_7001_boutsw_0' (109#1) [c:/Users/shold/Desktop/EIE-Y2/ghost_new_ip/ghost_game/ghost_game.gen/sources_1/bd/ghost_bd/ip/ghost_bd_smartconnect_0_0/bd_0/ip/ip_11/synth/bd_7001_boutsw_0.sv:57]
INFO: [Synth 8-6157] synthesizing module 'i_nodes_imp_CKPVIT' [c:/Users/shold/Desktop/EIE-Y2/ghost_new_ip/ghost_game/ghost_game.gen/sources_1/bd/ghost_bd/ip/ghost_bd_smartconnect_0_0/bd_0/synth/bd_7001.v:2817]
INFO: [Synth 8-6157] synthesizing module 'bd_7001_arni_0' [c:/Users/shold/Desktop/EIE-Y2/ghost_new_ip/ghost_game/ghost_game.gen/sources_1/bd/ghost_bd/ip/ghost_bd_smartconnect_0_0/bd_0/ip/ip_12/synth/bd_7001_arni_0.sv:58]
INFO: [Synth 8-6155] done synthesizing module 'bd_7001_arni_0' (114#1) [c:/Users/shold/Desktop/EIE-Y2/ghost_new_ip/ghost_game/ghost_game.gen/sources_1/bd/ghost_bd/ip/ghost_bd_smartconnect_0_0/bd_0/ip/ip_12/synth/bd_7001_arni_0.sv:58]
INFO: [Synth 8-6157] synthesizing module 'bd_7001_awni_0' [c:/Users/shold/Desktop/EIE-Y2/ghost_new_ip/ghost_game/ghost_game.gen/sources_1/bd/ghost_bd/ip/ghost_bd_smartconnect_0_0/bd_0/ip/ip_14/synth/bd_7001_awni_0.sv:58]
INFO: [Synth 8-6155] done synthesizing module 'bd_7001_awni_0' (115#1) [c:/Users/shold/Desktop/EIE-Y2/ghost_new_ip/ghost_game/ghost_game.gen/sources_1/bd/ghost_bd/ip/ghost_bd_smartconnect_0_0/bd_0/ip/ip_14/synth/bd_7001_awni_0.sv:58]
INFO: [Synth 8-6157] synthesizing module 'bd_7001_bni_0' [c:/Users/shold/Desktop/EIE-Y2/ghost_new_ip/ghost_game/ghost_game.gen/sources_1/bd/ghost_bd/ip/ghost_bd_smartconnect_0_0/bd_0/ip/ip_16/synth/bd_7001_bni_0.sv:58]
INFO: [Synth 8-6155] done synthesizing module 'bd_7001_bni_0' (118#1) [c:/Users/shold/Desktop/EIE-Y2/ghost_new_ip/ghost_game/ghost_game.gen/sources_1/bd/ghost_bd/ip/ghost_bd_smartconnect_0_0/bd_0/ip/ip_16/synth/bd_7001_bni_0.sv:58]
INFO: [Synth 8-6157] synthesizing module 'bd_7001_rni_0' [c:/Users/shold/Desktop/EIE-Y2/ghost_new_ip/ghost_game/ghost_game.gen/sources_1/bd/ghost_bd/ip/ghost_bd_smartconnect_0_0/bd_0/ip/ip_13/synth/bd_7001_rni_0.sv:58]
INFO: [Synth 8-6155] done synthesizing module 'bd_7001_rni_0' (119#1) [c:/Users/shold/Desktop/EIE-Y2/ghost_new_ip/ghost_game/ghost_game.gen/sources_1/bd/ghost_bd/ip/ghost_bd_smartconnect_0_0/bd_0/ip/ip_13/synth/bd_7001_rni_0.sv:58]
INFO: [Synth 8-6157] synthesizing module 'bd_7001_wni_0' [c:/Users/shold/Desktop/EIE-Y2/ghost_new_ip/ghost_game/ghost_game.gen/sources_1/bd/ghost_bd/ip/ghost_bd_smartconnect_0_0/bd_0/ip/ip_15/synth/bd_7001_wni_0.sv:58]
INFO: [Synth 8-6155] done synthesizing module 'bd_7001_wni_0' (120#1) [c:/Users/shold/Desktop/EIE-Y2/ghost_new_ip/ghost_game/ghost_game.gen/sources_1/bd/ghost_bd/ip/ghost_bd_smartconnect_0_0/bd_0/ip/ip_15/synth/bd_7001_wni_0.sv:58]
INFO: [Synth 8-6155] done synthesizing module 'i_nodes_imp_CKPVIT' (121#1) [c:/Users/shold/Desktop/EIE-Y2/ghost_new_ip/ghost_game/ghost_game.gen/sources_1/bd/ghost_bd/ip/ghost_bd_smartconnect_0_0/bd_0/synth/bd_7001.v:2817]
INFO: [Synth 8-6157] synthesizing module 'bd_7001_rinsw_0' [c:/Users/shold/Desktop/EIE-Y2/ghost_new_ip/ghost_game/ghost_game.gen/sources_1/bd/ghost_bd/ip/ghost_bd_smartconnect_0_0/bd_0/ip/ip_3/synth/bd_7001_rinsw_0.sv:57]
INFO: [Synth 8-6155] done synthesizing module 'bd_7001_rinsw_0' (122#1) [c:/Users/shold/Desktop/EIE-Y2/ghost_new_ip/ghost_game/ghost_game.gen/sources_1/bd/ghost_bd/ip/ghost_bd_smartconnect_0_0/bd_0/ip/ip_3/synth/bd_7001_rinsw_0.sv:57]
INFO: [Synth 8-6157] synthesizing module 'bd_7001_routsw_0' [c:/Users/shold/Desktop/EIE-Y2/ghost_new_ip/ghost_game/ghost_game.gen/sources_1/bd/ghost_bd/ip/ghost_bd_smartconnect_0_0/bd_0/ip/ip_8/synth/bd_7001_routsw_0.sv:57]
INFO: [Synth 8-6155] done synthesizing module 'bd_7001_routsw_0' (123#1) [c:/Users/shold/Desktop/EIE-Y2/ghost_new_ip/ghost_game/ghost_game.gen/sources_1/bd/ghost_bd/ip/ghost_bd_smartconnect_0_0/bd_0/ip/ip_8/synth/bd_7001_routsw_0.sv:57]
INFO: [Synth 8-6157] synthesizing module 'bd_7001_winsw_0' [c:/Users/shold/Desktop/EIE-Y2/ghost_new_ip/ghost_game/ghost_game.gen/sources_1/bd/ghost_bd/ip/ghost_bd_smartconnect_0_0/bd_0/ip/ip_5/synth/bd_7001_winsw_0.sv:57]
INFO: [Synth 8-6155] done synthesizing module 'bd_7001_winsw_0' (124#1) [c:/Users/shold/Desktop/EIE-Y2/ghost_new_ip/ghost_game/ghost_game.gen/sources_1/bd/ghost_bd/ip/ghost_bd_smartconnect_0_0/bd_0/ip/ip_5/synth/bd_7001_winsw_0.sv:57]
INFO: [Synth 8-6157] synthesizing module 'bd_7001_woutsw_0' [c:/Users/shold/Desktop/EIE-Y2/ghost_new_ip/ghost_game/ghost_game.gen/sources_1/bd/ghost_bd/ip/ghost_bd_smartconnect_0_0/bd_0/ip/ip_10/synth/bd_7001_woutsw_0.sv:57]
INFO: [Synth 8-6155] done synthesizing module 'bd_7001_woutsw_0' (125#1) [c:/Users/shold/Desktop/EIE-Y2/ghost_new_ip/ghost_game/ghost_game.gen/sources_1/bd/ghost_bd/ip/ghost_bd_smartconnect_0_0/bd_0/ip/ip_10/synth/bd_7001_woutsw_0.sv:57]
INFO: [Synth 8-6155] done synthesizing module 'switchboards_imp_1SRWEST' (126#1) [c:/Users/shold/Desktop/EIE-Y2/ghost_new_ip/ghost_game/ghost_game.gen/sources_1/bd/ghost_bd/ip/ghost_bd_smartconnect_0_0/bd_0/synth/bd_7001.v:7645]
INFO: [Synth 8-6155] done synthesizing module 'bd_7001' (127#1) [c:/Users/shold/Desktop/EIE-Y2/ghost_new_ip/ghost_game/ghost_game.gen/sources_1/bd/ghost_bd/ip/ghost_bd_smartconnect_0_0/bd_0/synth/bd_7001.v:10]
INFO: [Synth 8-6155] done synthesizing module 'ghost_bd_smartconnect_0_0' (128#1) [c:/Users/shold/Desktop/EIE-Y2/ghost_new_ip/ghost_game/ghost_game.gen/sources_1/bd/ghost_bd/ip/ghost_bd_smartconnect_0_0/synth/ghost_bd_smartconnect_0_0.v:57]
---------------------------------------------------------------------------------
Finished RTL Elaboration : Time (s): cpu = 00:00:13 ; elapsed = 00:00:15 . Memory (MB): peak = 1430.543 ; gain = 289.156
---------------------------------------------------------------------------------
---------------------------------------------------------------------------------
Start Handling Custom Attributes
---------------------------------------------------------------------------------
---------------------------------------------------------------------------------
Finished Handling Custom Attributes : Time (s): cpu = 00:00:14 ; elapsed = 00:00:16 . Memory (MB): peak = 1449.422 ; gain = 308.035
---------------------------------------------------------------------------------
---------------------------------------------------------------------------------
Finished RTL Optimization Phase 1 : Time (s): cpu = 00:00:14 ; elapsed = 00:00:16 . Memory (MB): peak = 1449.422 ; gain = 308.035
---------------------------------------------------------------------------------
Netlist sorting complete. Time (s): cpu = 00:00:03 ; elapsed = 00:00:03 . Memory (MB): peak = 1626.855 ; gain = 19.180
INFO: [Netlist 29-17] Analyzing 13 Unisim elements for replacement
INFO: [Netlist 29-28] Unisim Transformation completed in 0 CPU seconds
INFO: [Project 1-570] Preparing netlist for logic optimization

Processing XDC Constraints
Initializing timing engine
Parsing XDC File [c:/Users/shold/Desktop/EIE-Y2/ghost_new_ip/ghost_game/ghost_game.gen/sources_1/bd/ghost_bd/ip/ghost_bd_smartconnect_0_0/ooc.xdc] for cell 'inst'
Finished Parsing XDC File [c:/Users/shold/Desktop/EIE-Y2/ghost_new_ip/ghost_game/ghost_game.gen/sources_1/bd/ghost_bd/ip/ghost_bd_smartconnect_0_0/ooc.xdc] for cell 'inst'
Parsing XDC File [c:/Users/shold/Desktop/EIE-Y2/ghost_new_ip/ghost_game/ghost_game.gen/sources_1/bd/ghost_bd/ip/ghost_bd_smartconnect_0_0/bd_0/ip/ip_1/bd_7001_psr_aclk_0_board.xdc] for cell 'inst/clk_map/psr_aclk/U0'
Finished Parsing XDC File [c:/Users/shold/Desktop/EIE-Y2/ghost_new_ip/ghost_game/ghost_game.gen/sources_1/bd/ghost_bd/ip/ghost_bd_smartconnect_0_0/bd_0/ip/ip_1/bd_7001_psr_aclk_0_board.xdc] for cell 'inst/clk_map/psr_aclk/U0'
Parsing XDC File [c:/Users/shold/Desktop/EIE-Y2/ghost_new_ip/ghost_game/ghost_game.gen/sources_1/bd/ghost_bd/ip/ghost_bd_smartconnect_0_0/bd_0/ip/ip_1/bd_7001_psr_aclk_0.xdc] for cell 'inst/clk_map/psr_aclk/U0'
Finished Parsing XDC File [c:/Users/shold/Desktop/EIE-Y2/ghost_new_ip/ghost_game/ghost_game.gen/sources_1/bd/ghost_bd/ip/ghost_bd_smartconnect_0_0/bd_0/ip/ip_1/bd_7001_psr_aclk_0.xdc] for cell 'inst/clk_map/psr_aclk/U0'
Parsing XDC File [C:/Users/shold/Desktop/EIE-Y2/ghost_new_ip/ghost_game/ghost_game.runs/ghost_bd_smartconnect_0_0_synth_1/dont_touch.xdc]
Finished Parsing XDC File [C:/Users/shold/Desktop/EIE-Y2/ghost_new_ip/ghost_game/ghost_game.runs/ghost_bd_smartconnect_0_0_synth_1/dont_touch.xdc]
INFO: [Project 1-1715] 1 XPM XDC files have been applied to the design.
Completed Processing XDC Constraints

Netlist sorting complete. Time (s): cpu = 00:00:00 ; elapsed = 00:00:00.011 . Memory (MB): peak = 1985.316 ; gain = 0.000
INFO: [Project 1-111] Unisim Transformation Summary:
  A total of 13 instances were transformed.
  FDR => FDRE: 12 instances
  SRL16 => SRL16E: 1 instance 

Constraint Validation Runtime : Time (s): cpu = 00:00:01 ; elapsed = 00:00:00.449 . Memory (MB): peak = 1999.340 ; gain = 14.023
---------------------------------------------------------------------------------
Finished Constraint Validation : Time (s): cpu = 00:00:42 ; elapsed = 00:00:45 . Memory (MB): peak = 1999.340 ; gain = 857.953
---------------------------------------------------------------------------------
---------------------------------------------------------------------------------
Start Loading Part and Timing Information
---------------------------------------------------------------------------------
Loading part: xc7z020clg400-1
---------------------------------------------------------------------------------
Finished Loading Part and Timing Information : Time (s): cpu = 00:00:42 ; elapsed = 00:00:45 . Memory (MB): peak = 1999.340 ; gain = 857.953
---------------------------------------------------------------------------------
---------------------------------------------------------------------------------
Start Applying 'set_property' XDC Constraints
---------------------------------------------------------------------------------
Applied set_property KEEP_HIERARCHY = SOFT for inst. (constraint file  C:/Users/shold/Desktop/EIE-Y2/ghost_new_ip/ghost_game/ghost_game.runs/ghost_bd_smartconnect_0_0_synth_1/dont_touch.xdc, line 336).
Applied set_property KEEP_HIERARCHY = SOFT for inst/m00_nodes/m00_ar_node/inst/m_sc_xpm_cdc_async_rst_inst. (constraint file  auto generated constraint).
Applied set_property KEEP_HIERARCHY = SOFT for inst/m00_nodes/m00_aw_node/inst/m_sc_xpm_cdc_async_rst_inst. (constraint file  auto generated constraint).
Applied set_property KEEP_HIERARCHY = SOFT for inst/m00_nodes/m00_b_node/inst/m_sc_xpm_cdc_async_rst_inst. (constraint file  auto generated constraint).
Applied set_property KEEP_HIERARCHY = SOFT for inst/m00_nodes/m00_r_node/inst/m_sc_xpm_cdc_async_rst_inst. (constraint file  auto generated constraint).
Applied set_property KEEP_HIERARCHY = SOFT for inst/m00_nodes/m00_w_node/inst/m_sc_xpm_cdc_async_rst_inst. (constraint file  auto generated constraint).
Applied set_property KEEP_HIERARCHY = SOFT for inst/m01_nodes/m01_ar_node/inst/m_sc_xpm_cdc_async_rst_inst. (constraint file  auto generated constraint).
Applied set_property KEEP_HIERARCHY = SOFT for inst/m01_nodes/m01_aw_node/inst/m_sc_xpm_cdc_async_rst_inst. (constraint file  auto generated constraint).
Applied set_property KEEP_HIERARCHY = SOFT for inst/m01_nodes/m01_b_node/inst/m_sc_xpm_cdc_async_rst_inst. (constraint file  auto generated constraint).
Applied set_property KEEP_HIERARCHY = SOFT for inst/m01_nodes/m01_r_node/inst/m_sc_xpm_cdc_async_rst_inst. (constraint file  auto generated constraint).
Applied set_property KEEP_HIERARCHY = SOFT for inst/m01_nodes/m01_w_node/inst/m_sc_xpm_cdc_async_rst_inst. (constraint file  auto generated constraint).
Applied set_property KEEP_HIERARCHY = SOFT for inst/m02_nodes/m02_ar_node/inst/m_sc_xpm_cdc_async_rst_inst. (constraint file  auto generated constraint).
Applied set_property KEEP_HIERARCHY = SOFT for inst/m02_nodes/m02_aw_node/inst/m_sc_xpm_cdc_async_rst_inst. (constraint file  auto generated constraint).
Applied set_property KEEP_HIERARCHY = SOFT for inst/m02_nodes/m02_b_node/inst/m_sc_xpm_cdc_async_rst_inst. (constraint file  auto generated constraint).
Applied set_property KEEP_HIERARCHY = SOFT for inst/m02_nodes/m02_r_node/inst/m_sc_xpm_cdc_async_rst_inst. (constraint file  auto generated constraint).
Applied set_property KEEP_HIERARCHY = SOFT for inst/m02_nodes/m02_w_node/inst/m_sc_xpm_cdc_async_rst_inst. (constraint file  auto generated constraint).
Applied set_property KEEP_HIERARCHY = SOFT for inst/m03_nodes/m03_ar_node/inst/m_sc_xpm_cdc_async_rst_inst. (constraint file  auto generated constraint).
Applied set_property KEEP_HIERARCHY = SOFT for inst/m03_nodes/m03_aw_node/inst/m_sc_xpm_cdc_async_rst_inst. (constraint file  auto generated constraint).
Applied set_property KEEP_HIERARCHY = SOFT for inst/m03_nodes/m03_b_node/inst/m_sc_xpm_cdc_async_rst_inst. (constraint file  auto generated constraint).
Applied set_property KEEP_HIERARCHY = SOFT for inst/m03_nodes/m03_r_node/inst/m_sc_xpm_cdc_async_rst_inst. (constraint file  auto generated constraint).
Applied set_property KEEP_HIERARCHY = SOFT for inst/m03_nodes/m03_w_node/inst/m_sc_xpm_cdc_async_rst_inst. (constraint file  auto generated constraint).
Applied set_property KEEP_HIERARCHY = SOFT for inst/m04_nodes/m04_ar_node/inst/m_sc_xpm_cdc_async_rst_inst. (constraint file  auto generated constraint).
Applied set_property KEEP_HIERARCHY = SOFT for inst/m04_nodes/m04_aw_node/inst/m_sc_xpm_cdc_async_rst_inst. (constraint file  auto generated constraint).
Applied set_property KEEP_HIERARCHY = SOFT for inst/m04_nodes/m04_b_node/inst/m_sc_xpm_cdc_async_rst_inst. (constraint file  auto generated constraint).
Applied set_property KEEP_HIERARCHY = SOFT for inst/m04_nodes/m04_r_node/inst/m_sc_xpm_cdc_async_rst_inst. (constraint file  auto generated constraint).
Applied set_property KEEP_HIERARCHY = SOFT for inst/m04_nodes/m04_w_node/inst/m_sc_xpm_cdc_async_rst_inst. (constraint file  auto generated constraint).
Applied set_property KEEP_HIERARCHY = SOFT for inst/m05_nodes/m05_ar_node/inst/m_sc_xpm_cdc_async_rst_inst. (constraint file  auto generated constraint).
Applied set_property KEEP_HIERARCHY = SOFT for inst/m05_nodes/m05_aw_node/inst/m_sc_xpm_cdc_async_rst_inst. (constraint file  auto generated constraint).
Applied set_property KEEP_HIERARCHY = SOFT for inst/m05_nodes/m05_b_node/inst/m_sc_xpm_cdc_async_rst_inst. (constraint file  auto generated constraint).
Applied set_property KEEP_HIERARCHY = SOFT for inst/m05_nodes/m05_r_node/inst/m_sc_xpm_cdc_async_rst_inst. (constraint file  auto generated constraint).
Applied set_property KEEP_HIERARCHY = SOFT for inst/m05_nodes/m05_w_node/inst/m_sc_xpm_cdc_async_rst_inst. (constraint file  auto generated constraint).
Applied set_property KEEP_HIERARCHY = SOFT for inst/s00_nodes/s00_ar_node/inst/m_sc_xpm_cdc_async_rst_inst. (constraint file  auto generated constraint).
Applied set_property KEEP_HIERARCHY = SOFT for inst/s00_nodes/s00_aw_node/inst/m_sc_xpm_cdc_async_rst_inst. (constraint file  auto generated constraint).
Applied set_property KEEP_HIERARCHY = SOFT for inst/s00_nodes/s00_b_node/inst/m_sc_xpm_cdc_async_rst_inst. (constraint file  auto generated constraint).
Applied set_property KEEP_HIERARCHY = SOFT for inst/s00_nodes/s00_r_node/inst/m_sc_xpm_cdc_async_rst_inst. (constraint file  auto generated constraint).
Applied set_property KEEP_HIERARCHY = SOFT for inst/s00_nodes/s00_w_node/inst/m_sc_xpm_cdc_async_rst_inst. (constraint file  auto generated constraint).
Applied set_property KEEP_HIERARCHY = SOFT for inst/switchboards/i_nodes/i_ar_node/inst/m_sc_xpm_cdc_async_rst_inst. (constraint file  auto generated constraint).
Applied set_property KEEP_HIERARCHY = SOFT for inst/switchboards/i_nodes/i_aw_node/inst/m_sc_xpm_cdc_async_rst_inst. (constraint file  auto generated constraint).
Applied set_property KEEP_HIERARCHY = SOFT for inst/switchboards/i_nodes/i_b_node/inst/m_sc_xpm_cdc_async_rst_inst. (constraint file  auto generated constraint).
Applied set_property KEEP_HIERARCHY = SOFT for inst/switchboards/i_nodes/i_r_node/inst/m_sc_xpm_cdc_async_rst_inst. (constraint file  auto generated constraint).
Applied set_property KEEP_HIERARCHY = SOFT for inst/switchboards/i_nodes/i_w_node/inst/m_sc_xpm_cdc_async_rst_inst. (constraint file  auto generated constraint).
Applied set_property KEEP_HIERARCHY = SOFT for inst/m00_nodes/m00_ar_node/inst/s_sc_xpm_cdc_async_rst_inst. (constraint file  auto generated constraint).
Applied set_property KEEP_HIERARCHY = SOFT for inst/m00_nodes/m00_aw_node/inst/s_sc_xpm_cdc_async_rst_inst. (constraint file  auto generated constraint).
Applied set_property KEEP_HIERARCHY = SOFT for inst/m00_nodes/m00_b_node/inst/s_sc_xpm_cdc_async_rst_inst. (constraint file  auto generated constraint).
Applied set_property KEEP_HIERARCHY = SOFT for inst/m00_nodes/m00_r_node/inst/s_sc_xpm_cdc_async_rst_inst. (constraint file  auto generated constraint).
Applied set_property KEEP_HIERARCHY = SOFT for inst/m00_nodes/m00_w_node/inst/s_sc_xpm_cdc_async_rst_inst. (constraint file  auto generated constraint).
Applied set_property KEEP_HIERARCHY = SOFT for inst/m01_nodes/m01_ar_node/inst/s_sc_xpm_cdc_async_rst_inst. (constraint file  auto generated constraint).
Applied set_property KEEP_HIERARCHY = SOFT for inst/m01_nodes/m01_aw_node/inst/s_sc_xpm_cdc_async_rst_inst. (constraint file  auto generated constraint).
Applied set_property KEEP_HIERARCHY = SOFT for inst/m01_nodes/m01_b_node/inst/s_sc_xpm_cdc_async_rst_inst. (constraint file  auto generated constraint).
Applied set_property KEEP_HIERARCHY = SOFT for inst/m01_nodes/m01_r_node/inst/s_sc_xpm_cdc_async_rst_inst. (constraint file  auto generated constraint).
Applied set_property KEEP_HIERARCHY = SOFT for inst/m01_nodes/m01_w_node/inst/s_sc_xpm_cdc_async_rst_inst. (constraint file  auto generated constraint).
Applied set_property KEEP_HIERARCHY = SOFT for inst/m02_nodes/m02_ar_node/inst/s_sc_xpm_cdc_async_rst_inst. (constraint file  auto generated constraint).
Applied set_property KEEP_HIERARCHY = SOFT for inst/m02_nodes/m02_aw_node/inst/s_sc_xpm_cdc_async_rst_inst. (constraint file  auto generated constraint).
Applied set_property KEEP_HIERARCHY = SOFT for inst/m02_nodes/m02_b_node/inst/s_sc_xpm_cdc_async_rst_inst. (constraint file  auto generated constraint).
Applied set_property KEEP_HIERARCHY = SOFT for inst/m02_nodes/m02_r_node/inst/s_sc_xpm_cdc_async_rst_inst. (constraint file  auto generated constraint).
Applied set_property KEEP_HIERARCHY = SOFT for inst/m02_nodes/m02_w_node/inst/s_sc_xpm_cdc_async_rst_inst. (constraint file  auto generated constraint).
Applied set_property KEEP_HIERARCHY = SOFT for inst/m03_nodes/m03_ar_node/inst/s_sc_xpm_cdc_async_rst_inst. (constraint file  auto generated constraint).
Applied set_property KEEP_HIERARCHY = SOFT for inst/m03_nodes/m03_aw_node/inst/s_sc_xpm_cdc_async_rst_inst. (constraint file  auto generated constraint).
Applied set_property KEEP_HIERARCHY = SOFT for inst/m03_nodes/m03_b_node/inst/s_sc_xpm_cdc_async_rst_inst. (constraint file  auto generated constraint).
Applied set_property KEEP_HIERARCHY = SOFT for inst/m03_nodes/m03_r_node/inst/s_sc_xpm_cdc_async_rst_inst. (constraint file  auto generated constraint).
Applied set_property KEEP_HIERARCHY = SOFT for inst/m03_nodes/m03_w_node/inst/s_sc_xpm_cdc_async_rst_inst. (constraint file  auto generated constraint).
Applied set_property KEEP_HIERARCHY = SOFT for inst/m04_nodes/m04_ar_node/inst/s_sc_xpm_cdc_async_rst_inst. (constraint file  auto generated constraint).
Applied set_property KEEP_HIERARCHY = SOFT for inst/m04_nodes/m04_aw_node/inst/s_sc_xpm_cdc_async_rst_inst. (constraint file  auto generated constraint).
Applied set_property KEEP_HIERARCHY = SOFT for inst/m04_nodes/m04_b_node/inst/s_sc_xpm_cdc_async_rst_inst. (constraint file  auto generated constraint).
Applied set_property KEEP_HIERARCHY = SOFT for inst/m04_nodes/m04_r_node/inst/s_sc_xpm_cdc_async_rst_inst. (constraint file  auto generated constraint).
Applied set_property KEEP_HIERARCHY = SOFT for inst/m04_nodes/m04_w_node/inst/s_sc_xpm_cdc_async_rst_inst. (constraint file  auto generated constraint).
Applied set_property KEEP_HIERARCHY = SOFT for inst/m05_nodes/m05_ar_node/inst/s_sc_xpm_cdc_async_rst_inst. (constraint file  auto generated constraint).
Applied set_property KEEP_HIERARCHY = SOFT for inst/m05_nodes/m05_aw_node/inst/s_sc_xpm_cdc_async_rst_inst. (constraint file  auto generated constraint).
Applied set_property KEEP_HIERARCHY = SOFT for inst/m05_nodes/m05_b_node/inst/s_sc_xpm_cdc_async_rst_inst. (constraint file  auto generated constraint).
Applied set_property KEEP_HIERARCHY = SOFT for inst/m05_nodes/m05_r_node/inst/s_sc_xpm_cdc_async_rst_inst. (constraint file  auto generated constraint).
Applied set_property KEEP_HIERARCHY = SOFT for inst/m05_nodes/m05_w_node/inst/s_sc_xpm_cdc_async_rst_inst. (constraint file  auto generated constraint).
Applied set_property KEEP_HIERARCHY = SOFT for inst/s00_nodes/s00_ar_node/inst/s_sc_xpm_cdc_async_rst_inst. (constraint file  auto generated constraint).
Applied set_property KEEP_HIERARCHY = SOFT for inst/s00_nodes/s00_aw_node/inst/s_sc_xpm_cdc_async_rst_inst. (constraint file  auto generated constraint).
Applied set_property KEEP_HIERARCHY = SOFT for inst/s00_nodes/s00_b_node/inst/s_sc_xpm_cdc_async_rst_inst. (constraint file  auto generated constraint).
Applied set_property KEEP_HIERARCHY = SOFT for inst/s00_nodes/s00_r_node/inst/s_sc_xpm_cdc_async_rst_inst. (constraint file  auto generated constraint).
Applied set_property KEEP_HIERARCHY = SOFT for inst/s00_nodes/s00_w_node/inst/s_sc_xpm_cdc_async_rst_inst. (constraint file  auto generated constraint).
Applied set_property KEEP_HIERARCHY = SOFT for inst/switchboards/i_nodes/i_ar_node/inst/s_sc_xpm_cdc_async_rst_inst. (constraint file  auto generated constraint).
Applied set_property KEEP_HIERARCHY = SOFT for inst/switchboards/i_nodes/i_aw_node/inst/s_sc_xpm_cdc_async_rst_inst. (constraint file  auto generated constraint).
Applied set_property KEEP_HIERARCHY = SOFT for inst/switchboards/i_nodes/i_b_node/inst/s_sc_xpm_cdc_async_rst_inst. (constraint file  auto generated constraint).
Applied set_property KEEP_HIERARCHY = SOFT for inst/switchboards/i_nodes/i_r_node/inst/s_sc_xpm_cdc_async_rst_inst. (constraint file  auto generated constraint).
Applied set_property KEEP_HIERARCHY = SOFT for inst/switchboards/i_nodes/i_w_node/inst/s_sc_xpm_cdc_async_rst_inst. (constraint file  auto generated constraint).
Applied set_property KEEP_HIERARCHY = SOFT for inst/m00_exit_pipeline/m00_exit/inst/xpm_cdc_async_rst_inst. (constraint file  auto generated constraint).
Applied set_property KEEP_HIERARCHY = SOFT for inst/m01_exit_pipeline/m01_exit/inst/xpm_cdc_async_rst_inst. (constraint file  auto generated constraint).
Applied set_property KEEP_HIERARCHY = SOFT for inst/m02_exit_pipeline/m02_exit/inst/xpm_cdc_async_rst_inst. (constraint file  auto generated constraint).
Applied set_property KEEP_HIERARCHY = SOFT for inst/m03_exit_pipeline/m03_exit/inst/xpm_cdc_async_rst_inst. (constraint file  auto generated constraint).
Applied set_property KEEP_HIERARCHY = SOFT for inst/m04_exit_pipeline/m04_exit/inst/xpm_cdc_async_rst_inst. (constraint file  auto generated constraint).
Applied set_property KEEP_HIERARCHY = SOFT for inst/m05_exit_pipeline/m05_exit/inst/xpm_cdc_async_rst_inst. (constraint file  auto generated constraint).
Applied set_property KEEP_HIERARCHY = SOFT for inst/s00_entry_pipeline/s00_mmu/inst/xpm_cdc_async_rst_inst. (constraint file  auto generated constraint).
Applied set_property KEEP_HIERARCHY = SOFT for inst/s00_entry_pipeline/s00_si_converter/inst/xpm_cdc_async_rst_inst. (constraint file  auto generated constraint).
Applied set_property KEEP_HIERARCHY = SOFT for inst/s00_entry_pipeline/s00_transaction_regulator/inst/xpm_cdc_async_rst_inst. (constraint file  auto generated constraint).
---------------------------------------------------------------------------------
Finished applying 'set_property' XDC Constraints : Time (s): cpu = 00:00:42 ; elapsed = 00:00:45 . Memory (MB): peak = 1999.340 ; gain = 857.953
---------------------------------------------------------------------------------
INFO: [Synth 8-802] inferred FSM for state register 'gen_axi.gen_write.write_cs_reg' in module 'sc_mmu_v1_0_10_decerr_slave'
INFO: [Synth 8-802] inferred FSM for state register 'w_state_reg' in module 'sc_si_converter_v1_0_10_axilite_conv'
INFO: [Synth 8-802] inferred FSM for state register 'r_state_reg' in module 'sc_si_converter_v1_0_10_axilite_conv'
---------------------------------------------------------------------------------------------------
                   State |                     New Encoding |                Previous Encoding 
---------------------------------------------------------------------------------------------------
            P_WRITE_IDLE |                              001 |                               00
            P_WRITE_DATA |                              010 |                               01
            P_WRITE_RESP |                              100 |                               10
---------------------------------------------------------------------------------------------------
INFO: [Synth 8-3354] encoded FSM with state register 'gen_axi.gen_write.write_cs_reg' using encoding 'one-hot' in module 'sc_mmu_v1_0_10_decerr_slave'
---------------------------------------------------------------------------------------------------
                   State |                     New Encoding |                Previous Encoding 
---------------------------------------------------------------------------------------------------
                  W_IDLE |                              000 | 00000000000000000000000000000000
                    W_RX |                              001 | 00000000000000000000000000000001
                    W_TX |                              010 | 00000000000000000000000000000010
              W_COMPLETE |                              011 | 00000000000000000000000000000100
               W_RECOVER |                              100 | 00000000000000000000000000000011
---------------------------------------------------------------------------------------------------
INFO: [Synth 8-3354] encoded FSM with state register 'w_state_reg' using encoding 'sequential' in module 'sc_si_converter_v1_0_10_axilite_conv'
---------------------------------------------------------------------------------------------------
                   State |                     New Encoding |                Previous Encoding 
---------------------------------------------------------------------------------------------------
                  R_IDLE |                               00 | 00000000000000000000000000000000
                    R_RX |                               01 | 00000000000000000000000000000001
                    R_TX |                               10 | 00000000000000000000000000000010
---------------------------------------------------------------------------------------------------
INFO: [Synth 8-3354] encoded FSM with state register 'r_state_reg' using encoding 'sequential' in module 'sc_si_converter_v1_0_10_axilite_conv'
---------------------------------------------------------------------------------
Finished RTL Optimization Phase 2 : Time (s): cpu = 00:00:49 ; elapsed = 00:00:53 . Memory (MB): peak = 1999.340 ; gain = 857.953
---------------------------------------------------------------------------------
---------------------------------------------------------------------------------
Start RTL Component Statistics 
---------------------------------------------------------------------------------
Detailed RTL Component Info : 
+---Adders : 
	   2 Input   12 Bit       Adders := 2     
	   2 Input   10 Bit       Adders := 1     
	   2 Input    9 Bit       Adders := 3     
	   2 Input    8 Bit       Adders := 3     
	   2 Input    7 Bit       Adders := 2     
	   2 Input    6 Bit       Adders := 1     
	   2 Input    4 Bit       Adders := 40    
	   2 Input    3 Bit       Adders := 1     
	   2 Input    2 Bit       Adders := 12    
	   3 Input    1 Bit       Adders := 16    
	   2 Input    1 Bit       Adders := 5     
+---XORs : 
	   2 Input      1 Bit         XORs := 160   
+---Registers : 
	             2178 Bit    Registers := 2     
	              512 Bit    Registers := 1     
	              168 Bit    Registers := 2     
	               82 Bit    Registers := 1     
	               73 Bit    Registers := 1     
	               64 Bit    Registers := 4     
	               47 Bit    Registers := 6     
	               33 Bit    Registers := 6     
	               32 Bit    Registers := 4     
	               27 Bit    Registers := 1     
	               12 Bit    Registers := 1     
	                9 Bit    Registers := 3     
	                8 Bit    Registers := 4     
	                7 Bit    Registers := 3     
	                6 Bit    Registers := 9     
	                5 Bit    Registers := 3     
	                4 Bit    Registers := 41    
	                3 Bit    Registers := 96    
	                2 Bit    Registers := 36    
	                1 Bit    Registers := 476   
+---Muxes : 
	   2 Input 2178 Bit        Muxes := 2     
	   2 Input  149 Bit        Muxes := 14    
	   2 Input   59 Bit        Muxes := 7     
	   2 Input   55 Bit        Muxes := 1     
	   2 Input   32 Bit        Muxes := 2     
	   3 Input   32 Bit        Muxes := 2     
	   2 Input   12 Bit        Muxes := 6     
	   5 Input   12 Bit        Muxes := 1     
	   5 Input    9 Bit        Muxes := 1     
	   2 Input    9 Bit        Muxes := 7     
	   2 Input    8 Bit        Muxes := 6     
	   3 Input    8 Bit        Muxes := 1     
	   3 Input    7 Bit        Muxes := 1     
	   2 Input    7 Bit        Muxes := 8     
	   2 Input    6 Bit        Muxes := 9     
	   2 Input    3 Bit        Muxes := 10    
	   4 Input    3 Bit        Muxes := 2     
	   5 Input    3 Bit        Muxes := 1     
	   2 Input    2 Bit        Muxes := 63    
	   5 Input    2 Bit        Muxes := 1     
	   4 Input    2 Bit        Muxes := 2     
	   3 Input    2 Bit        Muxes := 2     
	   2 Input    1 Bit        Muxes := 179   
	   3 Input    1 Bit        Muxes := 26    
	   5 Input    1 Bit        Muxes := 26    
	   4 Input    1 Bit        Muxes := 4     
---------------------------------------------------------------------------------
Finished RTL Component Statistics 
---------------------------------------------------------------------------------
---------------------------------------------------------------------------------
Start Part Resource Summary
---------------------------------------------------------------------------------
Part Resources:
DSPs: 220 (col length:60)
BRAMs: 280 (col length: RAMB18 60 RAMB36 30)
---------------------------------------------------------------------------------
Finished Part Resource Summary
---------------------------------------------------------------------------------
---------------------------------------------------------------------------------
Start Cross Boundary and Area Optimization
---------------------------------------------------------------------------------
---------------------------------------------------------------------------------
Finished Cross Boundary and Area Optimization : Time (s): cpu = 00:01:02 ; elapsed = 00:01:07 . Memory (MB): peak = 1999.340 ; gain = 857.953
---------------------------------------------------------------------------------
---------------------------------------------------------------------------------
Start Applying XDC Timing Constraints
---------------------------------------------------------------------------------
---------------------------------------------------------------------------------
Finished Applying XDC Timing Constraints : Time (s): cpu = 00:01:09 ; elapsed = 00:01:15 . Memory (MB): peak = 1999.340 ; gain = 857.953
---------------------------------------------------------------------------------
---------------------------------------------------------------------------------
Start Timing Optimization
---------------------------------------------------------------------------------
---------------------------------------------------------------------------------
Finished Timing Optimization : Time (s): cpu = 00:01:10 ; elapsed = 00:01:16 . Memory (MB): peak = 1999.340 ; gain = 857.953
---------------------------------------------------------------------------------
---------------------------------------------------------------------------------
Start Technology Mapping
---------------------------------------------------------------------------------
---------------------------------------------------------------------------------
Finished Technology Mapping : Time (s): cpu = 00:01:14 ; elapsed = 00:01:20 . Memory (MB): peak = 1999.340 ; gain = 857.953
---------------------------------------------------------------------------------
---------------------------------------------------------------------------------
Start IO Insertion
---------------------------------------------------------------------------------
---------------------------------------------------------------------------------
Start Flattening Before IO Insertion
---------------------------------------------------------------------------------
---------------------------------------------------------------------------------
Finished Flattening Before IO Insertion
---------------------------------------------------------------------------------
---------------------------------------------------------------------------------
Start Final Netlist Cleanup
---------------------------------------------------------------------------------
---------------------------------------------------------------------------------
Finished Final Netlist Cleanup
---------------------------------------------------------------------------------
---------------------------------------------------------------------------------
Finished IO Insertion : Time (s): cpu = 00:01:17 ; elapsed = 00:01:24 . Memory (MB): peak = 1999.340 ; gain = 857.953
---------------------------------------------------------------------------------
---------------------------------------------------------------------------------
Start Renaming Generated Instances
---------------------------------------------------------------------------------
---------------------------------------------------------------------------------
Finished Renaming Generated Instances : Time (s): cpu = 00:01:17 ; elapsed = 00:01:24 . Memory (MB): peak = 1999.340 ; gain = 857.953
---------------------------------------------------------------------------------
---------------------------------------------------------------------------------
Start Rebuilding User Hierarchy
---------------------------------------------------------------------------------
---------------------------------------------------------------------------------
Finished Rebuilding User Hierarchy : Time (s): cpu = 00:01:17 ; elapsed = 00:01:24 . Memory (MB): peak = 1999.340 ; gain = 857.953
---------------------------------------------------------------------------------
---------------------------------------------------------------------------------
Start Renaming Generated Ports
---------------------------------------------------------------------------------
---------------------------------------------------------------------------------
Finished Renaming Generated Ports : Time (s): cpu = 00:01:17 ; elapsed = 00:01:24 . Memory (MB): peak = 1999.340 ; gain = 857.953
---------------------------------------------------------------------------------
---------------------------------------------------------------------------------
Start Handling Custom Attributes
---------------------------------------------------------------------------------
---------------------------------------------------------------------------------
Finished Handling Custom Attributes : Time (s): cpu = 00:01:17 ; elapsed = 00:01:24 . Memory (MB): peak = 1999.340 ; gain = 857.953
---------------------------------------------------------------------------------
---------------------------------------------------------------------------------
Start Renaming Generated Nets
---------------------------------------------------------------------------------
---------------------------------------------------------------------------------
Finished Renaming Generated Nets : Time (s): cpu = 00:01:17 ; elapsed = 00:01:24 . Memory (MB): peak = 1999.340 ; gain = 857.953
---------------------------------------------------------------------------------
---------------------------------------------------------------------------------
Start Writing Synthesis Report
---------------------------------------------------------------------------------

Report BlackBoxes: 
+-+--------------+----------+
| |BlackBox name |Instances |
+-+--------------+----------+
+-+--------------+----------+

Report Cell Usage: 
+------+-------+------+
|      |Cell   |Count |
+------+-------+------+
|1     |CARRY4 |     5|
|2     |LUT1   |   238|
|3     |LUT2   |   167|
|4     |LUT3   |   152|
|5     |LUT4   |   132|
|6     |LUT5   |   186|
|7     |LUT6   |   261|
|8     |SRL16  |     1|
|9     |FDCE   |   267|
|10    |FDR    |     4|
|11    |FDRE   |   580|
|12    |FDSE   |    58|
+------+-------+------+
---------------------------------------------------------------------------------
Finished Writing Synthesis Report : Time (s): cpu = 00:01:17 ; elapsed = 00:01:24 . Memory (MB): peak = 1999.340 ; gain = 857.953
---------------------------------------------------------------------------------
Synthesis finished with 0 errors, 0 critical warnings and 0 warnings.
Synthesis Optimization Runtime : Time (s): cpu = 00:00:40 ; elapsed = 00:01:01 . Memory (MB): peak = 1999.340 ; gain = 308.035
Synthesis Optimization Complete : Time (s): cpu = 00:01:17 ; elapsed = 00:01:24 . Memory (MB): peak = 1999.340 ; gain = 857.953
INFO: [Project 1-571] Translating synthesized netlist
Netlist sorting complete. Time (s): cpu = 00:00:00 ; elapsed = 00:00:00.360 . Memory (MB): peak = 1999.340 ; gain = 0.000
INFO: [Netlist 29-17] Analyzing 10 Unisim elements for replacement
INFO: [Netlist 29-28] Unisim Transformation completed in 0 CPU seconds
INFO: [Project 1-570] Preparing netlist for logic optimization
INFO: [Opt 31-138] Pushed 0 inverter(s) to 0 load pin(s).
Netlist sorting complete. Time (s): cpu = 00:00:00 ; elapsed = 00:00:00.001 . Memory (MB): peak = 1999.340 ; gain = 0.000
INFO: [Project 1-111] Unisim Transformation Summary:
  A total of 5 instances were transformed.
  FDR => FDRE: 4 instances
  SRL16 => SRL16E: 1 instance 

INFO: [Common 17-83] Releasing license: Synthesis
229 Infos, 6 Warnings, 0 Critical Warnings and 0 Errors encountered.
synth_design completed successfully
synth_design: Time (s): cpu = 00:01:26 ; elapsed = 00:01:36 . Memory (MB): peak = 1999.340 ; gain = 857.953
INFO: [Common 17-1381] The checkpoint 'C:/Users/shold/Desktop/EIE-Y2/ghost_new_ip/ghost_game/ghost_game.runs/ghost_bd_smartconnect_0_0_synth_1/ghost_bd_smartconnect_0_0.dcp' has been generated.
WARNING: [Common 17-576] 'use_project_ipc' is deprecated. This option is deprecated and no longer used.
INFO: [Coretcl 2-1648] Added synthesis output to IP cache for IP ghost_bd_smartconnect_0_0, cache-ID = 9fcc985a3cfa81fa
INFO: [Coretcl 2-1174] Renamed 331 cell refs.
INFO: [Common 17-1381] The checkpoint 'C:/Users/shold/Desktop/EIE-Y2/ghost_new_ip/ghost_game/ghost_game.runs/ghost_bd_smartconnect_0_0_synth_1/ghost_bd_smartconnect_0_0.dcp' has been generated.
INFO: [runtcl-4] Executing : report_utilization -file ghost_bd_smartconnect_0_0_utilization_synth.rpt -pb ghost_bd_smartconnect_0_0_utilization_synth.pb
INFO: [Common 17-206] Exiting Vivado at Sun Mar 15 22:38:26 2026...
