Copyright 1986-2020 Xilinx, Inc. All Rights Reserved.
---------------------------------------------------------------------------------------------
| Tool Version : Vivado v.2020.2 (win64) Build 3064766 Wed Nov 18 09:12:45 MST 2020
| Date         : Sun Mar 15 22:40:40 2026
| Host         : DZULDINIY-SWIFT running 64-bit major release  (build 9200)
| Command      : report_control_sets -verbose -file ghost_bd_wrapper_control_sets_placed.rpt
| Design       : ghost_bd_wrapper
| Device       : xc7z020
---------------------------------------------------------------------------------------------

Control Set Information

Table of Contents
-----------------
1. Summary
2. Histogram
3. Flip-Flop Distribution
4. Detailed Control Set Information

1. Summary
----------

+----------------------------------------------------------+-------+
|                          Status                          | Count |
+----------------------------------------------------------+-------+
| Total control sets                                       |   162 |
|    Minimum number of control sets                        |   162 |
|    Addition due to synthesis replication                 |     0 |
|    Addition due to physical synthesis replication        |     0 |
| Unused register locations in slices containing registers |   742 |
+----------------------------------------------------------+-------+
* Control sets can be merged at opt_design using control_set_merge or merge_equivalent_drivers
** Run report_qor_suggestions for automated merging and remapping suggestions


2. Histogram
------------

+--------------------+-------+
|       Fanout       | Count |
+--------------------+-------+
| Total control sets |   162 |
| >= 0 to < 4        |    89 |
| >= 4 to < 6        |    20 |
| >= 6 to < 8        |    13 |
| >= 8 to < 10       |    22 |
| >= 10 to < 12      |     0 |
| >= 12 to < 14      |     0 |
| >= 14 to < 16      |     0 |
| >= 16              |    18 |
+--------------------+-------+
* Control sets can be remapped at either synth_design or opt_design


3. Flip-Flop Distribution
-------------------------

+--------------+-----------------------+------------------------+-----------------+--------------+
| Clock Enable | Synchronous Set/Reset | Asynchronous Set/Reset | Total Registers | Total Slices |
+--------------+-----------------------+------------------------+-----------------+--------------+
| No           | No                    | No                     |             213 |           81 |
| No           | No                    | Yes                    |             167 |           59 |
| No           | Yes                   | No                     |             308 |          129 |
| Yes          | No                    | No                     |             130 |           53 |
| Yes          | No                    | Yes                    |              84 |           49 |
| Yes          | Yes                   | No                     |             276 |           82 |
+--------------+-----------------------+------------------------+-----------------+--------------+


4. Detailed Control Set Information
-----------------------------------

+-------------------------------------------------+--------------------------------------------------------------------------------------------------------------------------------------------------------------------------------------+------------------------------------------------------------------------------------------------------------------------------------------------------------------------------+------------------+----------------+--------------+
|                   Clock Signal                  |                                                                                     Enable Signal                                                                                    |                                                                               Set/Reset Signal                                                                               | Slice Load Count | Bel Load Count | Bels / Slice |
+-------------------------------------------------+--------------------------------------------------------------------------------------------------------------------------------------------------------------------------------------+------------------------------------------------------------------------------------------------------------------------------------------------------------------------------+------------------+----------------+--------------+
|  ghost_bd_i/processing_system7_0/inst/FCLK_CLK0 |                                                                                                                                                                                      | ghost_bd_i/smartconnect_0/inst/m03_nodes/m03_b_node/inst/s_sc_areset_pipe                                                                                                    |                1 |              1 |         1.00 |
|  ghost_bd_i/processing_system7_0/inst/FCLK_CLK0 |                                                                                                                                                                                      | ghost_bd_i/smartconnect_0/inst/switchboards/i_nodes/i_r_node/inst/s_sc_areset_pipe                                                                                           |                1 |              1 |         1.00 |
|  ghost_bd_i/processing_system7_0/inst/FCLK_CLK0 |                                                                                                                                                                                      | ghost_bd_i/smartconnect_0/inst/m02_nodes/m02_ar_node/inst/s_sc_areset_pipe                                                                                                   |                1 |              1 |         1.00 |
|  ghost_bd_i/processing_system7_0/inst/FCLK_CLK0 |                                                                                                                                                                                      | ghost_bd_i/smartconnect_0/inst/m02_nodes/m02_aw_node/inst/s_sc_areset_pipe                                                                                                   |                1 |              1 |         1.00 |
|  ghost_bd_i/processing_system7_0/inst/FCLK_CLK0 |                                                                                                                                                                                      | ghost_bd_i/smartconnect_0/inst/m03_nodes/m03_ar_node/inst/s_sc_areset_pipe                                                                                                   |                1 |              1 |         1.00 |
|  ghost_bd_i/processing_system7_0/inst/FCLK_CLK0 |                                                                                                                                                                                      | ghost_bd_i/smartconnect_0/inst/m01_nodes/m01_r_node/inst/s_sc_areset_pipe                                                                                                    |                1 |              1 |         1.00 |
|  ghost_bd_i/processing_system7_0/inst/FCLK_CLK0 |                                                                                                                                                                                      | ghost_bd_i/smartconnect_0/inst/m02_nodes/m02_b_node/inst/s_sc_areset_pipe                                                                                                    |                1 |              1 |         1.00 |
|  ghost_bd_i/processing_system7_0/inst/FCLK_CLK0 |                                                                                                                                                                                      | ghost_bd_i/smartconnect_0/inst/m03_nodes/m03_aw_node/inst/s_sc_areset_pipe                                                                                                   |                1 |              1 |         1.00 |
|  ghost_bd_i/processing_system7_0/inst/FCLK_CLK0 |                                                                                                                                                                                      | ghost_bd_i/smartconnect_0/inst/m02_nodes/m02_r_node/inst/s_sc_areset_pipe                                                                                                    |                1 |              1 |         1.00 |
|  ghost_bd_i/processing_system7_0/inst/FCLK_CLK0 |                                                                                                                                                                                      | ghost_bd_i/smartconnect_0/inst/s00_nodes/s00_w_node/inst/s_sc_areset_pipe                                                                                                    |                1 |              1 |         1.00 |
|  ghost_bd_i/processing_system7_0/inst/FCLK_CLK0 |                                                                                                                                                                                      | ghost_bd_i/smartconnect_0/inst/m02_nodes/m02_w_node/inst/s_sc_areset_pipe                                                                                                    |                1 |              1 |         1.00 |
|  ghost_bd_i/processing_system7_0/inst/FCLK_CLK0 |                                                                                                                                                                                      | ghost_bd_i/smartconnect_0/inst/switchboards/i_nodes/i_ar_node/inst/s_sc_areset_pipe                                                                                          |                1 |              1 |         1.00 |
|  ghost_bd_i/processing_system7_0/inst/FCLK_CLK0 |                                                                                                                                                                                      | ghost_bd_i/smartconnect_0/inst/s00_nodes/s00_b_node/inst/s_sc_areset_pipe                                                                                                    |                1 |              1 |         1.00 |
|  ghost_bd_i/processing_system7_0/inst/FCLK_CLK0 |                                                                                                                                                                                      | ghost_bd_i/smartconnect_0/inst/s00_nodes/s00_aw_node/inst/s_sc_areset_pipe                                                                                                   |                1 |              1 |         1.00 |
|  ghost_bd_i/processing_system7_0/inst/FCLK_CLK0 |                                                                                                                                                                                      | ghost_bd_i/smartconnect_0/inst/m00_nodes/m00_w_node/inst/s_sc_areset_pipe                                                                                                    |                1 |              1 |         1.00 |
|  ghost_bd_i/processing_system7_0/inst/FCLK_CLK0 |                                                                                                                                                                                      | ghost_bd_i/smartconnect_0/inst/s00_nodes/s00_ar_node/inst/s_sc_areset_pipe                                                                                                   |                1 |              1 |         1.00 |
|  ghost_bd_i/processing_system7_0/inst/FCLK_CLK0 |                                                                                                                                                                                      | ghost_bd_i/smartconnect_0/inst/s00_nodes/s00_r_node/inst/s_sc_areset_pipe                                                                                                    |                1 |              1 |         1.00 |
|  ghost_bd_i/processing_system7_0/inst/FCLK_CLK0 |                                                                                                                                                                                      | ghost_bd_i/smartconnect_0/inst/m01_nodes/m01_ar_node/inst/s_sc_areset_pipe                                                                                                   |                1 |              1 |         1.00 |
|  ghost_bd_i/processing_system7_0/inst/FCLK_CLK0 |                                                                                                                                                                                      | ghost_bd_i/smartconnect_0/inst/m04_nodes/m04_r_node/inst/s_sc_areset_pipe                                                                                                    |                1 |              1 |         1.00 |
|  ghost_bd_i/processing_system7_0/inst/FCLK_CLK0 |                                                                                                                                                                                      | ghost_bd_i/smartconnect_0/inst/m00_nodes/m00_ar_node/inst/s_sc_areset_pipe                                                                                                   |                1 |              1 |         1.00 |
|  ghost_bd_i/processing_system7_0/inst/FCLK_CLK0 |                                                                                                                                                                                      | ghost_bd_i/smartconnect_0/inst/switchboards/i_nodes/i_b_node/inst/s_sc_areset_pipe                                                                                           |                1 |              1 |         1.00 |
|  ghost_bd_i/processing_system7_0/inst/FCLK_CLK0 |                                                                                                                                                                                      | ghost_bd_i/smartconnect_0/inst/switchboards/i_nodes/i_aw_node/inst/s_sc_areset_pipe                                                                                          |                1 |              1 |         1.00 |
|  ghost_bd_i/processing_system7_0/inst/FCLK_CLK0 |                                                                                                                                                                                      | ghost_bd_i/smartconnect_0/inst/m03_nodes/m03_r_node/inst/s_sc_areset_pipe                                                                                                    |                1 |              1 |         1.00 |
|  ghost_bd_i/processing_system7_0/inst/FCLK_CLK0 |                                                                                                                                                                                      | ghost_bd_i/smartconnect_0/inst/m05_nodes/m05_w_node/inst/s_sc_areset_pipe                                                                                                    |                1 |              1 |         1.00 |
|  ghost_bd_i/processing_system7_0/inst/FCLK_CLK0 |                                                                                                                                                                                      | ghost_bd_i/smartconnect_0/inst/m03_nodes/m03_w_node/inst/s_sc_areset_pipe                                                                                                    |                1 |              1 |         1.00 |
|  ghost_bd_i/processing_system7_0/inst/FCLK_CLK0 |                                                                                                                                                                                      | ghost_bd_i/smartconnect_0/inst/m04_nodes/m04_w_node/inst/s_sc_areset_pipe                                                                                                    |                1 |              1 |         1.00 |
|  ghost_bd_i/processing_system7_0/inst/FCLK_CLK0 |                                                                                                                                                                                      | ghost_bd_i/smartconnect_0/inst/m04_nodes/m04_b_node/inst/s_sc_areset_pipe                                                                                                    |                1 |              1 |         1.00 |
|  ghost_bd_i/processing_system7_0/inst/FCLK_CLK0 |                                                                                                                                                                                      | ghost_bd_i/smartconnect_0/inst/m05_nodes/m05_r_node/inst/s_sc_areset_pipe                                                                                                    |                1 |              1 |         1.00 |
|  ghost_bd_i/processing_system7_0/inst/FCLK_CLK0 |                                                                                                                                                                                      | ghost_bd_i/smartconnect_0/inst/m01_nodes/m01_b_node/inst/s_sc_areset_pipe                                                                                                    |                1 |              1 |         1.00 |
|  ghost_bd_i/processing_system7_0/inst/FCLK_CLK0 |                                                                                                                                                                                      | ghost_bd_i/smartconnect_0/inst/m00_nodes/m00_aw_node/inst/s_sc_areset_pipe                                                                                                   |                1 |              1 |         1.00 |
|  ghost_bd_i/processing_system7_0/inst/FCLK_CLK0 |                                                                                                                                                                                      | ghost_bd_i/smartconnect_0/inst/m04_nodes/m04_ar_node/inst/s_sc_areset_pipe                                                                                                   |                1 |              1 |         1.00 |
|  ghost_bd_i/processing_system7_0/inst/FCLK_CLK0 |                                                                                                                                                                                      | ghost_bd_i/smartconnect_0/inst/switchboards/i_nodes/i_w_node/inst/s_sc_areset_pipe                                                                                           |                1 |              1 |         1.00 |
|  ghost_bd_i/processing_system7_0/inst/FCLK_CLK0 |                                                                                                                                                                                      | ghost_bd_i/smartconnect_0/inst/m04_nodes/m04_aw_node/inst/s_sc_areset_pipe                                                                                                   |                1 |              1 |         1.00 |
|  ghost_bd_i/processing_system7_0/inst/FCLK_CLK0 |                                                                                                                                                                                      | ghost_bd_i/smartconnect_0/inst/m05_nodes/m05_ar_node/inst/s_sc_areset_pipe                                                                                                   |                1 |              1 |         1.00 |
|  ghost_bd_i/processing_system7_0/inst/FCLK_CLK0 |                                                                                                                                                                                      | ghost_bd_i/smartconnect_0/inst/m05_nodes/m05_aw_node/inst/s_sc_areset_pipe                                                                                                   |                1 |              1 |         1.00 |
|  ghost_bd_i/processing_system7_0/inst/FCLK_CLK0 |                                                                                                                                                                                      | ghost_bd_i/smartconnect_0/inst/m00_nodes/m00_b_node/inst/s_sc_areset_pipe                                                                                                    |                1 |              1 |         1.00 |
|  ghost_bd_i/processing_system7_0/inst/FCLK_CLK0 |                                                                                                                                                                                      | ghost_bd_i/smartconnect_0/inst/m00_nodes/m00_r_node/inst/s_sc_areset_pipe                                                                                                    |                1 |              1 |         1.00 |
|  ghost_bd_i/processing_system7_0/inst/FCLK_CLK0 |                                                                                                                                                                                      | ghost_bd_i/smartconnect_0/inst/m05_nodes/m05_b_node/inst/s_sc_areset_pipe                                                                                                    |                1 |              1 |         1.00 |
|  ghost_bd_i/processing_system7_0/inst/FCLK_CLK0 |                                                                                                                                                                                      | ghost_bd_i/smartconnect_0/inst/m01_nodes/m01_aw_node/inst/s_sc_areset_pipe                                                                                                   |                1 |              1 |         1.00 |
|  ghost_bd_i/processing_system7_0/inst/FCLK_CLK0 |                                                                                                                                                                                      | ghost_bd_i/smartconnect_0/inst/m01_nodes/m01_w_node/inst/s_sc_areset_pipe                                                                                                    |                1 |              1 |         1.00 |
|  ghost_bd_i/processing_system7_0/inst/FCLK_CLK0 |                                                                                                                                                                                      | ghost_bd_i/smartconnect_0/inst/m02_nodes/m02_ar_node/inst/s_sc_xpm_cdc_async_rst_inst/reset_pol                                                                              |                1 |              3 |         3.00 |
|  ghost_bd_i/processing_system7_0/inst/FCLK_CLK0 |                                                                                                                                                                                      | ghost_bd_i/smartconnect_0/inst/m02_nodes/m02_aw_node/inst/s_sc_xpm_cdc_async_rst_inst/reset_pol                                                                              |                1 |              3 |         3.00 |
|  ghost_bd_i/processing_system7_0/inst/FCLK_CLK0 |                                                                                                                                                                                      | ghost_bd_i/smartconnect_0/inst/m02_nodes/m02_b_node/inst/s_sc_xpm_cdc_async_rst_inst/reset_pol                                                                               |                1 |              3 |         3.00 |
|  ghost_bd_i/processing_system7_0/inst/FCLK_CLK0 |                                                                                                                                                                                      | ghost_bd_i/smartconnect_0/inst/m02_nodes/m02_r_node/inst/s_sc_xpm_cdc_async_rst_inst/reset_pol                                                                               |                1 |              3 |         3.00 |
|  ghost_bd_i/processing_system7_0/inst/FCLK_CLK0 |                                                                                                                                                                                      | ghost_bd_i/smartconnect_0/inst/m02_nodes/m02_w_node/inst/s_sc_xpm_cdc_async_rst_inst/reset_pol                                                                               |                1 |              3 |         3.00 |
|  ghost_bd_i/processing_system7_0/inst/FCLK_CLK0 |                                                                                                                                                                                      | ghost_bd_i/smartconnect_0/inst/m01_exit_pipeline/m01_exit/inst/xpm_cdc_async_rst_inst/reset_pol                                                                              |                1 |              3 |         3.00 |
|  ghost_bd_i/processing_system7_0/inst/FCLK_CLK0 |                                                                                                                                                                                      | ghost_bd_i/smartconnect_0/inst/m01_nodes/m01_ar_node/inst/s_sc_xpm_cdc_async_rst_inst/reset_pol                                                                              |                1 |              3 |         3.00 |
|  ghost_bd_i/processing_system7_0/inst/FCLK_CLK0 |                                                                                                                                                                                      | ghost_bd_i/smartconnect_0/inst/m00_nodes/m00_w_node/inst/s_sc_xpm_cdc_async_rst_inst/reset_pol                                                                               |                1 |              3 |         3.00 |
|  ghost_bd_i/processing_system7_0/inst/FCLK_CLK0 |                                                                                                                                                                                      | ghost_bd_i/smartconnect_0/inst/m05_exit_pipeline/m05_exit/inst/xpm_cdc_async_rst_inst/reset_pol                                                                              |                1 |              3 |         3.00 |
|  ghost_bd_i/processing_system7_0/inst/FCLK_CLK0 |                                                                                                                                                                                      | ghost_bd_i/smartconnect_0/inst/s00_nodes/s00_ar_node/inst/s_sc_xpm_cdc_async_rst_inst/reset_pol                                                                              |                1 |              3 |         3.00 |
|  ghost_bd_i/processing_system7_0/inst/FCLK_CLK0 |                                                                                                                                                                                      | ghost_bd_i/smartconnect_0/inst/s00_nodes/s00_aw_node/inst/s_sc_xpm_cdc_async_rst_inst/reset_pol                                                                              |                1 |              3 |         3.00 |
|  ghost_bd_i/processing_system7_0/inst/FCLK_CLK0 |                                                                                                                                                                                      | ghost_bd_i/smartconnect_0/inst/s00_nodes/s00_b_node/inst/s_sc_xpm_cdc_async_rst_inst/reset_pol                                                                               |                1 |              3 |         3.00 |
|  ghost_bd_i/processing_system7_0/inst/FCLK_CLK0 |                                                                                                                                                                                      | ghost_bd_i/smartconnect_0/inst/m03_nodes/m03_b_node/inst/s_sc_xpm_cdc_async_rst_inst/reset_pol                                                                               |                1 |              3 |         3.00 |
|  ghost_bd_i/processing_system7_0/inst/FCLK_CLK0 |                                                                                                                                                                                      | ghost_bd_i/smartconnect_0/inst/m03_nodes/m03_ar_node/inst/s_sc_xpm_cdc_async_rst_inst/reset_pol                                                                              |                1 |              3 |         3.00 |
|  ghost_bd_i/processing_system7_0/inst/FCLK_CLK0 |                                                                                                                                                                                      | ghost_bd_i/smartconnect_0/inst/m03_nodes/m03_r_node/inst/s_sc_xpm_cdc_async_rst_inst/reset_pol                                                                               |                1 |              3 |         3.00 |
|  ghost_bd_i/processing_system7_0/inst/FCLK_CLK0 |                                                                                                                                                                                      | ghost_bd_i/smartconnect_0/inst/m03_nodes/m03_w_node/inst/s_sc_xpm_cdc_async_rst_inst/reset_pol                                                                               |                1 |              3 |         3.00 |
|  ghost_bd_i/processing_system7_0/inst/FCLK_CLK0 |                                                                                                                                                                                      | ghost_bd_i/smartconnect_0/inst/m04_exit_pipeline/m04_exit/inst/xpm_cdc_async_rst_inst/reset_pol                                                                              |                1 |              3 |         3.00 |
|  ghost_bd_i/processing_system7_0/inst/FCLK_CLK0 |                                                                                                                                                                                      | ghost_bd_i/smartconnect_0/inst/switchboards/i_nodes/i_ar_node/inst/s_sc_xpm_cdc_async_rst_inst/reset_pol                                                                     |                1 |              3 |         3.00 |
|  ghost_bd_i/processing_system7_0/inst/FCLK_CLK0 |                                                                                                                                                                                      | ghost_bd_i/smartconnect_0/inst/s00_nodes/s00_w_node/inst/s_sc_xpm_cdc_async_rst_inst/reset_pol                                                                               |                1 |              3 |         3.00 |
|  ghost_bd_i/processing_system7_0/inst/FCLK_CLK0 |                                                                                                                                                                                      | ghost_bd_i/smartconnect_0/inst/switchboards/i_nodes/i_r_node/inst/s_sc_xpm_cdc_async_rst_inst/reset_pol                                                                      |                1 |              3 |         3.00 |
|  ghost_bd_i/processing_system7_0/inst/FCLK_CLK0 |                                                                                                                                                                                      | ghost_bd_i/smartconnect_0/inst/switchboards/i_nodes/i_w_node/inst/s_sc_xpm_cdc_async_rst_inst/reset_pol                                                                      |                1 |              3 |         3.00 |
|  ghost_bd_i/processing_system7_0/inst/FCLK_CLK0 |                                                                                                                                                                                      | ghost_bd_i/smartconnect_0/inst/m05_nodes/m05_ar_node/inst/s_sc_xpm_cdc_async_rst_inst/reset_pol                                                                              |                1 |              3 |         3.00 |
|  ghost_bd_i/processing_system7_0/inst/FCLK_CLK0 |                                                                                                                                                                                      | ghost_bd_i/smartconnect_0/inst/m05_nodes/m05_aw_node/inst/s_sc_xpm_cdc_async_rst_inst/reset_pol                                                                              |                1 |              3 |         3.00 |
|  ghost_bd_i/processing_system7_0/inst/FCLK_CLK0 |                                                                                                                                                                                      | ghost_bd_i/smartconnect_0/inst/m05_nodes/m05_b_node/inst/s_sc_xpm_cdc_async_rst_inst/reset_pol                                                                               |                1 |              3 |         3.00 |
|  ghost_bd_i/processing_system7_0/inst/FCLK_CLK0 |                                                                                                                                                                                      | ghost_bd_i/smartconnect_0/inst/m05_nodes/m05_r_node/inst/s_sc_xpm_cdc_async_rst_inst/reset_pol                                                                               |                1 |              3 |         3.00 |
|  ghost_bd_i/processing_system7_0/inst/FCLK_CLK0 |                                                                                                                                                                                      | ghost_bd_i/smartconnect_0/inst/m03_exit_pipeline/m03_exit/inst/xpm_cdc_async_rst_inst/reset_pol                                                                              |                1 |              3 |         3.00 |
|  ghost_bd_i/processing_system7_0/inst/FCLK_CLK0 |                                                                                                                                                                                      | ghost_bd_i/smartconnect_0/inst/m03_nodes/m03_aw_node/inst/s_sc_xpm_cdc_async_rst_inst/reset_pol                                                                              |                1 |              3 |         3.00 |
|  ghost_bd_i/processing_system7_0/inst/FCLK_CLK0 |                                                                                                                                                                                      | ghost_bd_i/smartconnect_0/inst/m04_nodes/m04_r_node/inst/s_sc_xpm_cdc_async_rst_inst/reset_pol                                                                               |                1 |              3 |         3.00 |
|  ghost_bd_i/processing_system7_0/inst/FCLK_CLK0 |                                                                                                                                                                                      | ghost_bd_i/smartconnect_0/inst/m04_nodes/m04_w_node/inst/s_sc_xpm_cdc_async_rst_inst/reset_pol                                                                               |                1 |              3 |         3.00 |
|  ghost_bd_i/processing_system7_0/inst/FCLK_CLK0 |                                                                                                                                                                                      | ghost_bd_i/smartconnect_0/inst/m04_nodes/m04_b_node/inst/s_sc_xpm_cdc_async_rst_inst/reset_pol                                                                               |                1 |              3 |         3.00 |
|  ghost_bd_i/processing_system7_0/inst/FCLK_CLK0 |                                                                                                                                                                                      | ghost_bd_i/smartconnect_0/inst/m04_nodes/m04_ar_node/inst/s_sc_xpm_cdc_async_rst_inst/reset_pol                                                                              |                1 |              3 |         3.00 |
|  ghost_bd_i/processing_system7_0/inst/FCLK_CLK0 |                                                                                                                                                                                      | ghost_bd_i/smartconnect_0/inst/m04_nodes/m04_aw_node/inst/s_sc_xpm_cdc_async_rst_inst/reset_pol                                                                              |                1 |              3 |         3.00 |
|  ghost_bd_i/processing_system7_0/inst/FCLK_CLK0 |                                                                                                                                                                                      | ghost_bd_i/smartconnect_0/inst/m00_nodes/m00_r_node/inst/s_sc_xpm_cdc_async_rst_inst/reset_pol                                                                               |                1 |              3 |         3.00 |
|  ghost_bd_i/processing_system7_0/inst/FCLK_CLK0 |                                                                                                                                                                                      | ghost_bd_i/smartconnect_0/inst/m00_exit_pipeline/m00_exit/inst/xpm_cdc_async_rst_inst/reset_pol                                                                              |                1 |              3 |         3.00 |
|  ghost_bd_i/processing_system7_0/inst/FCLK_CLK0 |                                                                                                                                                                                      | ghost_bd_i/smartconnect_0/inst/m00_nodes/m00_ar_node/inst/s_sc_xpm_cdc_async_rst_inst/reset_pol                                                                              |                1 |              3 |         3.00 |
|  ghost_bd_i/processing_system7_0/inst/FCLK_CLK0 |                                                                                                                                                                                      | ghost_bd_i/smartconnect_0/inst/m00_nodes/m00_aw_node/inst/s_sc_xpm_cdc_async_rst_inst/reset_pol                                                                              |                1 |              3 |         3.00 |
|  ghost_bd_i/processing_system7_0/inst/FCLK_CLK0 |                                                                                                                                                                                      | ghost_bd_i/smartconnect_0/inst/m00_nodes/m00_b_node/inst/s_sc_xpm_cdc_async_rst_inst/reset_pol                                                                               |                1 |              3 |         3.00 |
|  ghost_bd_i/processing_system7_0/inst/FCLK_CLK0 |                                                                                                                                                                                      | ghost_bd_i/smartconnect_0/inst/m02_exit_pipeline/m02_exit/inst/xpm_cdc_async_rst_inst/reset_pol                                                                              |                1 |              3 |         3.00 |
|  ghost_bd_i/processing_system7_0/inst/FCLK_CLK0 |                                                                                                                                                                                      | ghost_bd_i/smartconnect_0/inst/m01_nodes/m01_aw_node/inst/s_sc_xpm_cdc_async_rst_inst/reset_pol                                                                              |                1 |              3 |         3.00 |
|  ghost_bd_i/processing_system7_0/inst/FCLK_CLK0 |                                                                                                                                                                                      | ghost_bd_i/smartconnect_0/inst/m01_nodes/m01_b_node/inst/s_sc_xpm_cdc_async_rst_inst/reset_pol                                                                               |                1 |              3 |         3.00 |
|  ghost_bd_i/processing_system7_0/inst/FCLK_CLK0 |                                                                                                                                                                                      | ghost_bd_i/smartconnect_0/inst/m01_nodes/m01_r_node/inst/s_sc_xpm_cdc_async_rst_inst/reset_pol                                                                               |                1 |              3 |         3.00 |
|  ghost_bd_i/processing_system7_0/inst/FCLK_CLK0 |                                                                                                                                                                                      | ghost_bd_i/smartconnect_0/inst/m01_nodes/m01_w_node/inst/s_sc_xpm_cdc_async_rst_inst/reset_pol                                                                               |                1 |              3 |         3.00 |
|  ghost_bd_i/processing_system7_0/inst/FCLK_CLK0 |                                                                                                                                                                                      | ghost_bd_i/smartconnect_0/inst/m05_nodes/m05_w_node/inst/s_sc_xpm_cdc_async_rst_inst/reset_pol                                                                               |                1 |              3 |         3.00 |
|  ghost_bd_i/processing_system7_0/inst/FCLK_CLK0 |                                                                                                                                                                                      | ghost_bd_i/smartconnect_0/inst/switchboards/i_nodes/i_aw_node/inst/s_sc_xpm_cdc_async_rst_inst/reset_pol                                                                     |                1 |              3 |         3.00 |
|  ghost_bd_i/processing_system7_0/inst/FCLK_CLK0 |                                                                                                                                                                                      | ghost_bd_i/smartconnect_0/inst/switchboards/i_nodes/i_b_node/inst/s_sc_xpm_cdc_async_rst_inst/reset_pol                                                                      |                1 |              3 |         3.00 |
|  ghost_bd_i/processing_system7_0/inst/FCLK_CLK0 |                                                                                                                                                                                      | ghost_bd_i/smartconnect_0/inst/s00_entry_pipeline/s00_mmu/inst/xpm_cdc_async_rst_inst/reset_pol                                                                              |                1 |              3 |         3.00 |
|  ghost_bd_i/processing_system7_0/inst/FCLK_CLK0 |                                                                                                                                                                                      | ghost_bd_i/smartconnect_0/inst/s00_entry_pipeline/s00_si_converter/inst/xpm_cdc_async_rst_inst/reset_pol                                                                     |                1 |              3 |         3.00 |
|  ghost_bd_i/processing_system7_0/inst/FCLK_CLK0 |                                                                                                                                                                                      | ghost_bd_i/smartconnect_0/inst/s00_entry_pipeline/s00_transaction_regulator/inst/xpm_cdc_async_rst_inst/reset_pol                                                            |                1 |              3 |         3.00 |
|  ghost_bd_i/processing_system7_0/inst/FCLK_CLK0 |                                                                                                                                                                                      | ghost_bd_i/smartconnect_0/inst/s00_nodes/s00_r_node/inst/s_sc_xpm_cdc_async_rst_inst/reset_pol                                                                               |                1 |              3 |         3.00 |
|  ghost_bd_i/processing_system7_0/inst/FCLK_CLK0 |                                                                                                                                                                                      | ghost_bd_i/gpio_ghost3/U0/AXI_LITE_IPIF_I/I_SLAVE_ATTACHMENT/clear                                                                                                           |                1 |              4 |         4.00 |
|  ghost_bd_i/processing_system7_0/inst/FCLK_CLK0 | ghost_bd_i/gpio_rover/U0/AXI_LITE_IPIF_I/I_SLAVE_ATTACHMENT/start2                                                                                                                   | ghost_bd_i/gpio_rover/U0/AXI_LITE_IPIF_I/I_SLAVE_ATTACHMENT/I_DECODER/cs_ce_clr                                                                                              |                1 |              4 |         4.00 |
|  ghost_bd_i/processing_system7_0/inst/FCLK_CLK0 | ghost_bd_i/gpio_ghost1/U0/AXI_LITE_IPIF_I/I_SLAVE_ATTACHMENT/bus2ip_addr_i[8]_i_1_n_0                                                                                                | ghost_bd_i/gpio_ghost1/U0/AXI_LITE_IPIF_I/I_SLAVE_ATTACHMENT/SR[0]                                                                                                           |                1 |              4 |         4.00 |
|  ghost_bd_i/processing_system7_0/inst/FCLK_CLK0 | ghost_bd_i/gpio_ghost1/U0/AXI_LITE_IPIF_I/I_SLAVE_ATTACHMENT/start2                                                                                                                  | ghost_bd_i/gpio_ghost1/U0/AXI_LITE_IPIF_I/I_SLAVE_ATTACHMENT/I_DECODER/cs_ce_clr                                                                                             |                1 |              4 |         4.00 |
|  ghost_bd_i/processing_system7_0/inst/FCLK_CLK0 |                                                                                                                                                                                      | ghost_bd_i/gpio_ghost1/U0/AXI_LITE_IPIF_I/I_SLAVE_ATTACHMENT/clear                                                                                                           |                1 |              4 |         4.00 |
|  ghost_bd_i/processing_system7_0/inst/FCLK_CLK0 | ghost_bd_i/gpio_rover/U0/AXI_LITE_IPIF_I/I_SLAVE_ATTACHMENT/bus2ip_addr_i[8]_i_1_n_0                                                                                                 | ghost_bd_i/gpio_rover/U0/AXI_LITE_IPIF_I/I_SLAVE_ATTACHMENT/SR[0]                                                                                                            |                1 |              4 |         4.00 |
|  ghost_bd_i/processing_system7_0/inst/FCLK_CLK0 |                                                                                                                                                                                      | ghost_bd_i/gpio_ghost2/U0/AXI_LITE_IPIF_I/I_SLAVE_ATTACHMENT/clear                                                                                                           |                1 |              4 |         4.00 |
|  ghost_bd_i/processing_system7_0/inst/FCLK_CLK0 | ghost_bd_i/gpio_ghost2/U0/AXI_LITE_IPIF_I/I_SLAVE_ATTACHMENT/start2                                                                                                                  | ghost_bd_i/gpio_ghost2/U0/AXI_LITE_IPIF_I/I_SLAVE_ATTACHMENT/I_DECODER/cs_ce_clr                                                                                             |                1 |              4 |         4.00 |
|  ghost_bd_i/processing_system7_0/inst/FCLK_CLK0 | ghost_bd_i/smartconnect_0/inst/s00_entry_pipeline/s00_mmu/inst/wroute_vacancy                                                                                                        | ghost_bd_i/smartconnect_0/inst/s00_entry_pipeline/s00_mmu/inst/gen_wroute_reg.wroute_i[6]_i_1_n_0                                                                            |                1 |              4 |         4.00 |
|  ghost_bd_i/processing_system7_0/inst/FCLK_CLK0 |                                                                                                                                                                                      | ghost_bd_i/gpio_ghost4/U0/AXI_LITE_IPIF_I/I_SLAVE_ATTACHMENT/clear                                                                                                           |                1 |              4 |         4.00 |
|  ghost_bd_i/processing_system7_0/inst/FCLK_CLK0 | ghost_bd_i/smartconnect_0/inst/s00_entry_pipeline/s00_mmu/inst/aw_reg_stall/m_vector_i[1136]_i_1__0_n_0                                                                              | ghost_bd_i/smartconnect_0/inst/s00_entry_pipeline/s00_mmu/inst/aw_reg_stall/m_vector_i[6]_i_1_n_0                                                                            |                1 |              4 |         4.00 |
|  ghost_bd_i/processing_system7_0/inst/FCLK_CLK0 |                                                                                                                                                                                      | ghost_bd_i/gpio_rover/U0/AXI_LITE_IPIF_I/I_SLAVE_ATTACHMENT/clear                                                                                                            |                1 |              4 |         4.00 |
|  ghost_bd_i/processing_system7_0/inst/FCLK_CLK0 |                                                                                                                                                                                      | ghost_bd_i/smartconnect_0/inst/clk_map/psr_aclk/U0/EXT_LPF/lpf_int                                                                                                           |                1 |              4 |         4.00 |
|  ghost_bd_i/processing_system7_0/inst/FCLK_CLK0 | ghost_bd_i/gpio_ghost3/U0/AXI_LITE_IPIF_I/I_SLAVE_ATTACHMENT/bus2ip_addr_i[8]_i_1_n_0                                                                                                | ghost_bd_i/gpio_ghost3/U0/AXI_LITE_IPIF_I/I_SLAVE_ATTACHMENT/SR[0]                                                                                                           |                1 |              4 |         4.00 |
|  ghost_bd_i/processing_system7_0/inst/FCLK_CLK0 | ghost_bd_i/gpio_ghost3/U0/AXI_LITE_IPIF_I/I_SLAVE_ATTACHMENT/start2                                                                                                                  | ghost_bd_i/gpio_ghost3/U0/AXI_LITE_IPIF_I/I_SLAVE_ATTACHMENT/I_DECODER/cs_ce_clr                                                                                             |                1 |              4 |         4.00 |
|  ghost_bd_i/processing_system7_0/inst/FCLK_CLK0 | ghost_bd_i/ghost_multi_0/inst/S_AXI_ARREADY0                                                                                                                                         | ghost_bd_i/ghost_multi_0/inst/ghost1/AR[0]                                                                                                                                   |                3 |              4 |         1.33 |
|  ghost_bd_i/processing_system7_0/inst/FCLK_CLK0 | ghost_bd_i/gpio_ghost2/U0/AXI_LITE_IPIF_I/I_SLAVE_ATTACHMENT/bus2ip_addr_i[8]_i_1_n_0                                                                                                | ghost_bd_i/gpio_ghost2/U0/AXI_LITE_IPIF_I/I_SLAVE_ATTACHMENT/SR[0]                                                                                                           |                1 |              4 |         4.00 |
|  ghost_bd_i/processing_system7_0/inst/FCLK_CLK0 | ghost_bd_i/gpio_ghost4/U0/AXI_LITE_IPIF_I/I_SLAVE_ATTACHMENT/bus2ip_addr_i[8]_i_1_n_0                                                                                                | ghost_bd_i/gpio_ghost4/U0/AXI_LITE_IPIF_I/I_SLAVE_ATTACHMENT/SR[0]                                                                                                           |                1 |              4 |         4.00 |
|  ghost_bd_i/processing_system7_0/inst/FCLK_CLK0 | ghost_bd_i/gpio_ghost4/U0/AXI_LITE_IPIF_I/I_SLAVE_ATTACHMENT/start2                                                                                                                  | ghost_bd_i/gpio_ghost4/U0/AXI_LITE_IPIF_I/I_SLAVE_ATTACHMENT/I_DECODER/cs_ce_clr                                                                                             |                2 |              4 |         2.00 |
|  ghost_bd_i/processing_system7_0/inst/FCLK_CLK0 |                                                                                                                                                                                      | ghost_bd_i/proc_sys_reset_0/U0/EXT_LPF/lpf_int                                                                                                                               |                2 |              5 |         2.50 |
|  ghost_bd_i/processing_system7_0/inst/FCLK_CLK0 | ghost_bd_i/proc_sys_reset_0/U0/SEQ/seq_cnt_en                                                                                                                                        | ghost_bd_i/proc_sys_reset_0/U0/SEQ/SEQ_COUNTER/clear                                                                                                                         |                1 |              6 |         6.00 |
|  ghost_bd_i/processing_system7_0/inst/FCLK_CLK0 | ghost_bd_i/smartconnect_0/inst/s00_entry_pipeline/s00_transaction_regulator/inst/gen_endpoint.gen_w_singleorder.w_singleorder/gen_id_reg.s_rid_i0                                    |                                                                                                                                                                              |                1 |              6 |         6.00 |
|  ghost_bd_i/processing_system7_0/inst/FCLK_CLK0 | ghost_bd_i/smartconnect_0/inst/s00_entry_pipeline/s00_transaction_regulator/inst/gen_endpoint.gen_r_singleorder.r_singleorder/gen_id_reg.s_rid_i0                                    |                                                                                                                                                                              |                2 |              6 |         3.00 |
|  ghost_bd_i/processing_system7_0/inst/FCLK_CLK0 | ghost_bd_i/smartconnect_0/inst/s00_entry_pipeline/s00_si_converter/inst/gen_axilite_conv.axilite_conv_inst/m_axi_arid_i                                                              | ghost_bd_i/smartconnect_0/inst/s00_entry_pipeline/s00_si_converter/inst/areset                                                                                               |                3 |              6 |         2.00 |
|  ghost_bd_i/processing_system7_0/inst/FCLK_CLK0 | ghost_bd_i/smartconnect_0/inst/s00_entry_pipeline/s00_mmu/inst/gen_endpoint.decerr_slave_inst/gen_axi.gen_write.s_axi_bid_i[5]_i_1_n_0                                               | ghost_bd_i/smartconnect_0/inst/s00_entry_pipeline/s00_mmu/inst/areset                                                                                                        |                1 |              6 |         6.00 |
|  ghost_bd_i/processing_system7_0/inst/FCLK_CLK0 | ghost_bd_i/smartconnect_0/inst/s00_entry_pipeline/s00_mmu/inst/gen_endpoint.decerr_slave_inst/gen_axi.gen_read.s_axi_rid_i                                                           | ghost_bd_i/smartconnect_0/inst/s00_entry_pipeline/s00_mmu/inst/areset                                                                                                        |                2 |              6 |         3.00 |
|  ghost_bd_i/processing_system7_0/inst/FCLK_CLK0 | ghost_bd_i/smartconnect_0/inst/switchboards/i_nodes/i_r_node/inst/inst_mi_handler/gen_normal_area.gen_fi_regulator.inst_fi_regulator/allow_transfer                                  | ghost_bd_i/smartconnect_0/inst/switchboards/i_nodes/i_r_node/inst/inst_si_handler/gen_si_handler.gen_request_counters.gen_req_counter[4].inst_req_counter/is_zero_r_reg_1[0] |                1 |              6 |         6.00 |
|  ghost_bd_i/processing_system7_0/inst/FCLK_CLK0 | ghost_bd_i/smartconnect_0/inst/switchboards/i_nodes/i_b_node/inst/inst_si_handler/gen_si_handler.gen_request_counters.gen_req_counter[0].inst_req_counter/E[0]                       | ghost_bd_i/smartconnect_0/inst/switchboards/i_nodes/i_b_node/inst/inst_si_handler/areset_r                                                                                   |                2 |              6 |         3.00 |
|  ghost_bd_i/processing_system7_0/inst/FCLK_CLK0 | ghost_bd_i/smartconnect_0/inst/switchboards/i_nodes/i_b_node/inst/inst_mi_handler/gen_normal_area.gen_fi_regulator.inst_fi_regulator/allow_transfer                                  | ghost_bd_i/smartconnect_0/inst/switchboards/i_nodes/i_b_node/inst/inst_si_handler/gen_si_handler.gen_request_counters.gen_req_counter[4].inst_req_counter/is_zero_r_reg_1[0] |                2 |              6 |         3.00 |
|  ghost_bd_i/processing_system7_0/inst/FCLK_CLK0 | ghost_bd_i/smartconnect_0/inst/switchboards/i_nodes/i_r_node/inst/inst_si_handler/gen_si_handler.gen_request_counters.gen_req_counter[0].inst_req_counter/is_zero_r_reg_0[0]         | ghost_bd_i/smartconnect_0/inst/switchboards/i_nodes/i_r_node/inst/inst_si_handler/areset_r                                                                                   |                3 |              6 |         2.00 |
|  ghost_bd_i/processing_system7_0/inst/FCLK_CLK0 | ghost_bd_i/smartconnect_0/inst/clk_map/psr_aclk/U0/SEQ/seq_cnt_en                                                                                                                    | ghost_bd_i/smartconnect_0/inst/clk_map/psr_aclk/U0/SEQ/SEQ_COUNTER/clear                                                                                                     |                1 |              6 |         6.00 |
|  ghost_bd_i/processing_system7_0/inst/FCLK_CLK0 | ghost_bd_i/smartconnect_0/inst/s00_entry_pipeline/s00_si_converter/inst/gen_axilite_conv.axilite_conv_inst/ar_addr_d[8]_i_1_n_0                                                      | ghost_bd_i/smartconnect_0/inst/s00_entry_pipeline/s00_si_converter/inst/areset                                                                                               |                3 |              7 |         2.33 |
|  ghost_bd_i/processing_system7_0/inst/FCLK_CLK0 | ghost_bd_i/smartconnect_0/inst/s00_entry_pipeline/s00_si_converter/inst/gen_axilite_conv.axilite_conv_inst/ar_cnt[6]_i_1_n_0                                                         | ghost_bd_i/smartconnect_0/inst/s00_entry_pipeline/s00_si_converter/inst/areset                                                                                               |                4 |              7 |         1.75 |
|  ghost_bd_i/processing_system7_0/inst/FCLK_CLK0 |                                                                                                                                                                                      | ghost_bd_i/gpio_ghost3/U0/gpio_core_1/Read_Reg_Rst__0                                                                                                                        |                1 |              8 |         8.00 |
|  ghost_bd_i/processing_system7_0/inst/FCLK_CLK0 |                                                                                                                                                                                      | ghost_bd_i/gpio_ghost1/U0/gpio_core_1/Read_Reg_Rst__0                                                                                                                        |                2 |              8 |         4.00 |
|  ghost_bd_i/processing_system7_0/inst/FCLK_CLK0 | ghost_bd_i/gpio_ghost4/U0/AXI_LITE_IPIF_I/I_SLAVE_ATTACHMENT/I_DECODER/E[0]                                                                                                          | ghost_bd_i/gpio_ghost4/U0/AXI_LITE_IPIF_I/I_SLAVE_ATTACHMENT/SR[0]                                                                                                           |                3 |              8 |         2.67 |
|  ghost_bd_i/processing_system7_0/inst/FCLK_CLK0 | ghost_bd_i/gpio_ghost1/U0/AXI_LITE_IPIF_I/I_SLAVE_ATTACHMENT/I_DECODER/E[0]                                                                                                          | ghost_bd_i/gpio_ghost1/U0/AXI_LITE_IPIF_I/I_SLAVE_ATTACHMENT/SR[0]                                                                                                           |                2 |              8 |         4.00 |
|  ghost_bd_i/processing_system7_0/inst/FCLK_CLK0 | ghost_bd_i/gpio_rover/U0/AXI_LITE_IPIF_I/I_SLAVE_ATTACHMENT/I_DECODER/E[0]                                                                                                           | ghost_bd_i/gpio_rover/U0/AXI_LITE_IPIF_I/I_SLAVE_ATTACHMENT/SR[0]                                                                                                            |                2 |              8 |         4.00 |
|  ghost_bd_i/processing_system7_0/inst/FCLK_CLK0 | ghost_bd_i/gpio_ghost2/U0/AXI_LITE_IPIF_I/I_SLAVE_ATTACHMENT/I_DECODER/E[0]                                                                                                          | ghost_bd_i/gpio_ghost2/U0/AXI_LITE_IPIF_I/I_SLAVE_ATTACHMENT/SR[0]                                                                                                           |                2 |              8 |         4.00 |
|  ghost_bd_i/processing_system7_0/inst/FCLK_CLK0 | ghost_bd_i/smartconnect_0/inst/s00_entry_pipeline/s00_mmu/inst/gen_endpoint.decerr_slave_inst/gen_axi.gen_read.read_cnt[7]_i_1_n_0                                                   | ghost_bd_i/smartconnect_0/inst/s00_entry_pipeline/s00_mmu/inst/areset                                                                                                        |                3 |              8 |         2.67 |
|  ghost_bd_i/processing_system7_0/inst/FCLK_CLK0 | ghost_bd_i/gpio_ghost3/U0/AXI_LITE_IPIF_I/I_SLAVE_ATTACHMENT/I_DECODER/E[0]                                                                                                          | ghost_bd_i/gpio_ghost3/U0/AXI_LITE_IPIF_I/I_SLAVE_ATTACHMENT/SR[0]                                                                                                           |                2 |              8 |         4.00 |
|  ghost_bd_i/processing_system7_0/inst/FCLK_CLK0 |                                                                                                                                                                                      | ghost_bd_i/gpio_ghost4/U0/gpio_core_1/Read_Reg_Rst__0                                                                                                                        |                3 |              8 |         2.67 |
|  ghost_bd_i/processing_system7_0/inst/FCLK_CLK0 |                                                                                                                                                                                      | ghost_bd_i/gpio_ghost2/U0/gpio_core_1/Read_Reg_Rst__0                                                                                                                        |                2 |              8 |         4.00 |
|  ghost_bd_i/processing_system7_0/inst/FCLK_CLK0 | ghost_bd_i/smartconnect_0/inst/s00_entry_pipeline/s00_si_converter/inst/gen_axilite_conv.axilite_conv_inst/r_beats[7]_i_1_n_0                                                        | ghost_bd_i/smartconnect_0/inst/s00_entry_pipeline/s00_si_converter/inst/areset                                                                                               |                3 |              8 |         2.67 |
|  ghost_bd_i/processing_system7_0/inst/FCLK_CLK0 |                                                                                                                                                                                      | ghost_bd_i/gpio_rover/U0/gpio_core_1/Read_Reg_Rst__0                                                                                                                         |                1 |              8 |         8.00 |
|  ghost_bd_i/processing_system7_0/inst/FCLK_CLK0 | ghost_bd_i/smartconnect_0/inst/s00_entry_pipeline/s00_si_converter/inst/gen_axilite_conv.axilite_conv_inst/aw_addr[8]_i_1_n_0                                                        | ghost_bd_i/smartconnect_0/inst/s00_entry_pipeline/s00_si_converter/inst/areset                                                                                               |                3 |              9 |         3.00 |
|  ghost_bd_i/processing_system7_0/inst/FCLK_CLK0 | ghost_bd_i/gpio_ghost4/U0/AXI_LITE_IPIF_I/I_SLAVE_ATTACHMENT/s_axi_rresp_i                                                                                                           | ghost_bd_i/gpio_ghost4/U0/AXI_LITE_IPIF_I/I_SLAVE_ATTACHMENT/SR[0]                                                                                                           |                2 |              9 |         4.50 |
|  ghost_bd_i/processing_system7_0/inst/FCLK_CLK0 | ghost_bd_i/gpio_ghost1/U0/AXI_LITE_IPIF_I/I_SLAVE_ATTACHMENT/s_axi_rresp_i                                                                                                           | ghost_bd_i/gpio_ghost1/U0/AXI_LITE_IPIF_I/I_SLAVE_ATTACHMENT/SR[0]                                                                                                           |                2 |              9 |         4.50 |
|  ghost_bd_i/processing_system7_0/inst/FCLK_CLK0 | ghost_bd_i/gpio_ghost2/U0/AXI_LITE_IPIF_I/I_SLAVE_ATTACHMENT/s_axi_rresp_i                                                                                                           | ghost_bd_i/gpio_ghost2/U0/AXI_LITE_IPIF_I/I_SLAVE_ATTACHMENT/SR[0]                                                                                                           |                2 |              9 |         4.50 |
|  ghost_bd_i/processing_system7_0/inst/FCLK_CLK0 | ghost_bd_i/gpio_rover/U0/AXI_LITE_IPIF_I/I_SLAVE_ATTACHMENT/s_axi_rresp_i                                                                                                            | ghost_bd_i/gpio_rover/U0/AXI_LITE_IPIF_I/I_SLAVE_ATTACHMENT/SR[0]                                                                                                            |                2 |              9 |         4.50 |
|  ghost_bd_i/processing_system7_0/inst/FCLK_CLK0 | ghost_bd_i/gpio_ghost3/U0/AXI_LITE_IPIF_I/I_SLAVE_ATTACHMENT/s_axi_rresp_i                                                                                                           | ghost_bd_i/gpio_ghost3/U0/AXI_LITE_IPIF_I/I_SLAVE_ATTACHMENT/SR[0]                                                                                                           |                3 |              9 |         3.00 |
|  ghost_bd_i/processing_system7_0/inst/FCLK_CLK0 | ghost_bd_i/smartconnect_0/inst/switchboards/i_nodes/i_aw_node/inst/inst_mi_handler/gen_normal_area.inst_fifo_node_payld/gen_reg_fifo.inst_reg_fifo/gen_single_rank.data[136]_i_1_n_0 |                                                                                                                                                                              |                3 |              9 |         3.00 |
|  ghost_bd_i/processing_system7_0/inst/FCLK_CLK0 | ghost_bd_i/smartconnect_0/inst/s00_entry_pipeline/s00_si_converter/inst/gen_axilite_conv.axilite_conv_inst/b_cnt[8]_i_2_n_0                                                          | ghost_bd_i/smartconnect_0/inst/s00_entry_pipeline/s00_si_converter/inst/gen_axilite_conv.axilite_conv_inst/b_cnt[8]_i_1_n_0                                                  |                3 |              9 |         3.00 |
|  ghost_bd_i/processing_system7_0/inst/FCLK_CLK0 | ghost_bd_i/smartconnect_0/inst/s00_entry_pipeline/s00_si_converter/inst/gen_axilite_conv.axilite_conv_inst/w_cnt[8]_i_1_n_0                                                          | ghost_bd_i/smartconnect_0/inst/s00_entry_pipeline/s00_si_converter/inst/areset                                                                                               |                3 |              9 |         3.00 |
|  ghost_bd_i/processing_system7_0/inst/FCLK_CLK0 | ghost_bd_i/smartconnect_0/inst/switchboards/i_nodes/i_ar_node/inst/inst_mi_handler/gen_normal_area.inst_fifo_node_payld/gen_reg_fifo.inst_reg_fifo/gen_single_rank.data[136]_i_1_n_0 |                                                                                                                                                                              |                2 |              9 |         4.50 |
|  ghost_bd_i/processing_system7_0/inst/FCLK_CLK0 |                                                                                                                                                                                      | ghost_bd_i/smartconnect_0/inst/switchboards/i_nodes/i_b_node/inst/inst_si_handler/areset_r                                                                                   |                6 |             18 |         3.00 |
|  ghost_bd_i/processing_system7_0/inst/FCLK_CLK0 |                                                                                                                                                                                      | ghost_bd_i/smartconnect_0/inst/switchboards/i_nodes/i_r_node/inst/inst_si_handler/areset_r                                                                                   |                6 |             18 |         3.00 |
|  ghost_bd_i/processing_system7_0/inst/FCLK_CLK0 | ghost_bd_i/smartconnect_0/inst/s00_entry_pipeline/s00_mmu/inst/aw_reg_stall/m_vector_i[1136]_i_1__0_n_0                                                                              |                                                                                                                                                                              |                9 |             19 |         2.11 |
|  ghost_bd_i/processing_system7_0/inst/FCLK_CLK0 |                                                                                                                                                                                      | ghost_bd_i/ghost_multi_0/inst/ghost1/AR[0]                                                                                                                                   |               10 |             20 |         2.00 |
|  ghost_bd_i/processing_system7_0/inst/FCLK_CLK0 |                                                                                                                                                                                      | ghost_bd_i/smartconnect_0/inst/s00_entry_pipeline/s00_mmu/inst/areset                                                                                                        |               10 |             21 |         2.10 |
|  ghost_bd_i/processing_system7_0/inst/FCLK_CLK0 |                                                                                                                                                                                      | ghost_bd_i/smartconnect_0/inst/s00_entry_pipeline/s00_si_converter/inst/areset                                                                                               |               11 |             22 |         2.00 |
|  ghost_bd_i/processing_system7_0/inst/FCLK_CLK0 | ghost_bd_i/smartconnect_0/inst/switchboards/i_nodes/i_w_node/inst/inst_mi_handler/gen_normal_area.inst_fifo_node_payld/gen_reg_fifo.inst_reg_fifo/gen_single_rank.data[58]_i_1_n_0   |                                                                                                                                                                              |                7 |             22 |         3.14 |
|  ghost_bd_i/processing_system7_0/inst/FCLK_CLK0 |                                                                                                                                                                                      | ghost_bd_i/gpio_ghost1/U0/AXI_LITE_IPIF_I/I_SLAVE_ATTACHMENT/SR[0]                                                                                                           |                8 |             24 |         3.00 |
|  ghost_bd_i/processing_system7_0/inst/FCLK_CLK0 |                                                                                                                                                                                      | ghost_bd_i/gpio_rover/U0/AXI_LITE_IPIF_I/I_SLAVE_ATTACHMENT/SR[0]                                                                                                            |                8 |             24 |         3.00 |
|  ghost_bd_i/processing_system7_0/inst/FCLK_CLK0 |                                                                                                                                                                                      | ghost_bd_i/gpio_ghost2/U0/AXI_LITE_IPIF_I/I_SLAVE_ATTACHMENT/SR[0]                                                                                                           |                8 |             24 |         3.00 |
|  ghost_bd_i/processing_system7_0/inst/FCLK_CLK0 |                                                                                                                                                                                      | ghost_bd_i/gpio_ghost4/U0/AXI_LITE_IPIF_I/I_SLAVE_ATTACHMENT/SR[0]                                                                                                           |                8 |             24 |         3.00 |
|  ghost_bd_i/processing_system7_0/inst/FCLK_CLK0 |                                                                                                                                                                                      | ghost_bd_i/gpio_ghost3/U0/AXI_LITE_IPIF_I/I_SLAVE_ATTACHMENT/SR[0]                                                                                                           |                7 |             24 |         3.43 |
|  ghost_bd_i/processing_system7_0/inst/FCLK_CLK0 | ghost_bd_i/smartconnect_0/inst/s00_entry_pipeline/s00_mmu/inst/ar_reg_stall/m_vector_i[1136]_i_1_n_0                                                                                 |                                                                                                                                                                              |                8 |             27 |         3.38 |
|  ghost_bd_i/processing_system7_0/inst/FCLK_CLK0 | ghost_bd_i/smartconnect_0/inst/switchboards/i_nodes/i_r_node/inst/inst_si_handler/gen_si_handler.gen_arbiter_rr_minimal_area.inst_arbiter/E[0]                                       |                                                                                                                                                                              |               21 |             32 |         1.52 |
|  ghost_bd_i/processing_system7_0/inst/FCLK_CLK0 | ghost_bd_i/smartconnect_0/inst/s00_entry_pipeline/s00_si_converter/inst/gen_axilite_conv.axilite_conv_inst/s_axi_rdata_i[31]_i_1_n_0                                                 | ghost_bd_i/smartconnect_0/inst/s00_entry_pipeline/s00_si_converter/inst/areset                                                                                               |                9 |             32 |         3.56 |
|  ghost_bd_i/processing_system7_0/inst/FCLK_CLK0 | ghost_bd_i/ghost_multi_0/inst/ghost1/E[0]                                                                                                                                            | ghost_bd_i/ghost_multi_0/inst/ghost1/AR[0]                                                                                                                                   |               20 |             36 |         1.80 |
|  ghost_bd_i/processing_system7_0/inst/FCLK_CLK0 | ghost_bd_i/ghost_multi_0/inst/ghost1/pipe_en_reg[0]_0[0]                                                                                                                             | ghost_bd_i/ghost_multi_0/inst/ghost1/AR[0]                                                                                                                                   |               26 |             44 |         1.69 |
|  ghost_bd_i/processing_system7_0/inst/FCLK_CLK0 |                                                                                                                                                                                      |                                                                                                                                                                              |               83 |            215 |         2.59 |
+-------------------------------------------------+--------------------------------------------------------------------------------------------------------------------------------------------------------------------------------------+------------------------------------------------------------------------------------------------------------------------------------------------------------------------------+------------------+----------------+--------------+


