Copyright 1986-2020 Xilinx, Inc. All Rights Reserved.
------------------------------------------------------------------------------------------------------------------------------------------
| Tool Version : Vivado v.2020.2 (win64) Build 3064766 Wed Nov 18 09:12:45 MST 2020
| Date         : Sun Mar 15 22:41:14 2026
| Host         : DZULDINIY-SWIFT running 64-bit major release  (build 9200)
| Command      : report_drc -file ghost_bd_wrapper_drc_routed.rpt -pb ghost_bd_wrapper_drc_routed.pb -rpx ghost_bd_wrapper_drc_routed.rpx
| Design       : ghost_bd_wrapper
| Device       : xc7z020clg400-1
| Speed File   : -1
| Design State : Fully Routed
------------------------------------------------------------------------------------------------------------------------------------------

Report DRC

Table of Contents
-----------------
1. REPORT SUMMARY
2. REPORT DETAILS

1. REPORT SUMMARY
-----------------
            Netlist: netlist
          Floorplan: design_1
      Design limits: <entire design considered>
           Ruledeck: default
             Max violations: <unlimited>
             Violations found: 1
+-----------+----------+-------------------+------------+
| Rule      | Severity | Description       | Violations |
+-----------+----------+-------------------+------------+
| RTSTAT-10 | Warning  | No routable loads | 1          |
+-----------+----------+-------------------+------------+

2. REPORT DETAILS
-----------------
RTSTAT-10#1 Warning
No routable loads  
35 net(s) have no routable loads. The problem bus(es) and/or net(s) are ghost_bd_i/smartconnect_0/inst/m00_nodes/m00_b_node/inst/mi_handler_m_sc_areset_pipe,
ghost_bd_i/smartconnect_0/inst/m00_nodes/m00_r_node/inst/mi_handler_m_sc_areset_pipe,
ghost_bd_i/smartconnect_0/inst/m01_nodes/m01_ar_node/inst/mi_handler_m_sc_areset_pipe,
ghost_bd_i/smartconnect_0/inst/m02_nodes/m02_aw_node/inst/mi_handler_m_sc_areset_pipe,
ghost_bd_i/smartconnect_0/inst/m02_nodes/m02_b_node/inst/mi_handler_m_sc_areset_pipe,
ghost_bd_i/smartconnect_0/inst/m02_nodes/m02_r_node/inst/mi_handler_m_sc_areset_pipe,
ghost_bd_i/smartconnect_0/inst/m02_nodes/m02_w_node/inst/mi_handler_m_sc_areset_pipe,
ghost_bd_i/smartconnect_0/inst/m03_nodes/m03_b_node/inst/mi_handler_m_sc_areset_pipe,
ghost_bd_i/smartconnect_0/inst/m03_nodes/m03_w_node/inst/mi_handler_m_sc_areset_pipe,
ghost_bd_i/smartconnect_0/inst/m04_nodes/m04_ar_node/inst/mi_handler_m_sc_areset_pipe,
ghost_bd_i/smartconnect_0/inst/m05_nodes/m05_b_node/inst/mi_handler_m_sc_areset_pipe,
ghost_bd_i/smartconnect_0/inst/m05_nodes/m05_r_node/inst/mi_handler_m_sc_areset_pipe,
ghost_bd_i/smartconnect_0/inst/m05_nodes/m05_w_node/inst/mi_handler_m_sc_areset_pipe,
ghost_bd_i/smartconnect_0/inst/s00_nodes/s00_ar_node/inst/mi_handler_m_sc_areset_pipe,
ghost_bd_i/smartconnect_0/inst/s00_nodes/s00_r_node/inst/mi_handler_m_sc_areset_pipe
 (the first 15 of 35 listed).
Related violations: <none>


